###############################################################################
#
# IAR ELF Linker V8.40.1.212/W32 for ARM                  17/Oct/2019  19:30:12
# Copyright 2007-2019 IAR Systems AB.
#
#    Output file  =
#        C:\Users\rodri\OneDrive\Documents\S11_G01_2019.2\Lab2\Projects\s11_g01_lab2\Debug\Exe\meu_projeto.out
#    Map file     =
#        C:\Users\rodri\OneDrive\Documents\S11_G01_2019.2\Lab2\Projects\s11_g01_lab2\Debug\List\meu_projeto.map
#    Command line =
#        -f C:\Users\rodri\AppData\Local\Temp\EWD1A4.tmp
#        (C:\Users\rodri\OneDrive\Documents\S11_G01_2019.2\Lab2\TivaWare_C_Series-2.1.4.178\driverlib\ewarm\Exe\driverlib.a
#        C:\Users\rodri\OneDrive\Documents\S11_G01_2019.2\Lab2\Projects\s11_g01_lab2\Debug\Obj\s11_g01_lab2.o
#        C:\Users\rodri\OneDrive\Documents\S11_G01_2019.2\Lab2\Projects\s11_g01_lab2\Debug\Obj\startup_TM4C1294.o
#        C:\Users\rodri\OneDrive\Documents\S11_G01_2019.2\Lab2\Projects\s11_g01_lab2\Debug\Obj\system_TM4C1294_TW.o
#        C:\Users\rodri\OneDrive\Documents\S11_G01_2019.2\Lab2\Projects\s11_g01_lab2\Debug\Obj\uartstdio.o
#        --no_out_extension -o
#        C:\Users\rodri\OneDrive\Documents\S11_G01_2019.2\Lab2\Projects\s11_g01_lab2\Debug\Exe\meu_projeto.out
#        --map
#        C:\Users\rodri\OneDrive\Documents\S11_G01_2019.2\Lab2\Projects\s11_g01_lab2\Debug\List\meu_projeto.map
#        --config "C:\Program Files (x86)\IAR Systems\Embedded Workbench
#        8.3\arm\config\linker\TexasInstruments\TM4C1294NC.icf" --semihosting
#        --entry __iar_program_start --vfe --text_out locale)
#
###############################################################################

*******************************************************************************
*** RUNTIME MODEL ATTRIBUTES
***

CppFlavor       = *
__SystemLibrary = DLib
__dlib_version  = 6


*******************************************************************************
*** HEAP SELECTION
***

The basic heap was selected because some modules are built with
size limitations (and not runtime checking), and --advanced_heap
was not specified.


*******************************************************************************
*** PLACEMENT SUMMARY
***

"A0":  place at address 0x0 { ro section .intvec };
"P1":  place in [from 0x0 to 0xf'ffff] { ro };
define block CSTACK with size = 32K, alignment = 8 { };
define block HEAP with size = 64K, alignment = 8 { };
"P2":  place in [from 0x2000'0000 to 0x2003'ffff] {
          rw, block CSTACK, block HEAP };
initialize by copy { rw };

  Section            Kind         Address    Size  Object
  -------            ----         -------    ----  ------
"A0":                                       0x3c0
  .intvec            ro code          0x0   0x3c0  startup_TM4C1294.o [1]
                                  - 0x3c0   0x3c0

"P1":                                      0x1414
  .text              ro code        0x3c0   0x348  uartstdio.o [1]
  .text              ro code        0x708   0x11c  interrupt.o [3]
  .text              ro code        0x824   0x114  uart.o [3]
  .text              ro code        0x938   0x2ac  sysctl.o [3]
  .text              ro code        0xbe4    0x10  cpu.o [3]
  .rodata            const          0xbf4   0x1b0  sysctl.o [3]
  .text              ro code        0xda4   0x1a0  gpio.o [3]
  .text              ro code        0xf44   0x134  s11_g01_lab2.o [1]
  .text              ro code       0x1078   0x104  timer.o [3]
  .text              ro code       0x117c    0x28  printf.o [2]
  .text              ro code       0x11a4   0x134  xprintftiny.o [2]
  .text              ro code       0x12d8    0x36  strlen.o [4]
  .text              ro code       0x130e    0x3a  zero_init3.o [4]
  .rodata            const         0x1348    0xa0  timer.o [3]
  .rodata            const         0x13e8    0x90  gpio.o [3]
  .text              ro code       0x1478    0x7c  iarttio.o [5]
  .text              ro code       0x14f4    0x3c  XShttio.o [2]
  .rodata            const         0x1530    0x6c  sysctl.o [3]
  .rodata            const         0x159c    0x30  sysctl.o [3]
  .text              ro code       0x15cc    0x2e  copy_init3.o [4]
  .text              ro code       0x15fa     0x2  startup_TM4C1294.o [1]
  .text              ro code       0x15fc    0x2c  system_TM4C1294_TW.o [1]
  .text              ro code       0x1628    0x28  data_init.o [4]
  .text              ro code       0x1650    0x22  iarwrite.o [5]
  .iar.init_table    const         0x1674    0x24  - Linker created -
  .text              ro code       0x1698    0x20  putchar.o [2]
  .text              ro code       0x16b8    0x10  write.o [5]
  .text              ro code       0x16c8    0x1e  dwrite.o [5]
  .text              ro code       0x16e6    0x20  iarwstd.o [5]
  .text              ro code       0x1708    0x1e  cmain.o [4]
  .text              ro code       0x1726     0x4  low_level_init.o [2]
  .text              ro code       0x172a     0x4  exit.o [2]
  .text              ro code       0x1730     0xa  cexit.o [4]
  .text              ro code       0x173c    0x14  exit.o [5]
  .text              ro code       0x1750    0x16  xprout.o [2]
  .text              ro code       0x1768    0x14  startup_TM4C1294.o [1]
  .rodata            const         0x177c    0x10  s11_g01_lab2.o [1]
  .rodata            const         0x178c    0x10  s11_g01_lab2.o [1]
  .rodata            const         0x179c     0xc  uartstdio.o [1]
  .rodata            const         0x17a8     0xc  uartstdio.o [1]
  .rodata            const         0x17b4     0xc  uartstdio.o [1]
  .text              ro code       0x17c0     0xc  cstartup_M.o [4]
  Initializer bytes  const         0x17cc     0x8  <for P2-1>
  .rodata            const         0x17d4     0x0  zero_init3.o [4]
  .rodata            const         0x17d4     0x0  copy_init3.o [4]
                                 - 0x17d4  0x1414

"P2", part 1 of 3:                            0x8
  P2-1                        0x2000'0000     0x8  <Init block>
    .data            inited   0x2000'0000     0x8  XShttio.o [2]
                            - 0x2000'0008     0x8

"P2", part 2 of 3:                          0x49c
  .bss               zero     0x2000'0008   0x400  uartstdio.o [1]
  .bss               zero     0x2000'0408    0x80  uartstdio.o [1]
  .bss               zero     0x2000'0488     0x4  uartstdio.o [1]
  .bss               zero     0x2000'048c     0x4  uartstdio.o [1]
  .bss               zero     0x2000'0490     0x4  uartstdio.o [1]
  .bss               zero     0x2000'0494     0x4  uartstdio.o [1]
  .bss               zero     0x2000'0498     0x4  uartstdio.o [1]
  .bss               zero     0x2000'049c     0x4  uartstdio.o [1]
  .bss               zero     0x2000'04a0     0x1  uartstdio.o [1]
  .bss               zero     0x2000'04a1     0x1  uartstdio.o [1]
  .bss               zero     0x2000'04a2     0x1  XShttio.o [2]
                            - 0x2000'04a3   0x49b

"P2", part 3 of 3:                         0x8270
  VTABLE             uninit   0x2000'0800   0x26c  interrupt.o [3]
  .noinit            uninit   0x2000'0a6c     0x4  system_TM4C1294_TW.o [1]
  CSTACK                      0x2000'0a70  0x8000  <Block>
    CSTACK           uninit   0x2000'0a70  0x8000  <Block tail>
                            - 0x2000'8a70  0x8270

Unused ranges:

         From           To      Size
         ----           --      ----
       0x17d4     0xf'ffff  0xf'e82c
  0x2000'04a4  0x2000'07ff     0x35c
  0x2000'8a70  0x2003'ffff  0x3'7590


*******************************************************************************
*** INIT TABLE
***

          Address      Size
          -------      ----
Zero (__iar_zero_init3)
    1 destination range, total size 0x49b:
          0x2000'0008  0x49b

Copy (__iar_copy_init3)
    1 source range, total size 0x8:
               0x17cc    0x8
    1 destination range, total size 0x8:
          0x2000'0000    0x8



*******************************************************************************
*** MODULE SUMMARY
***

    Module                ro code  ro data  rw data
    ------                -------  -------  -------
command line/config:
    -----------------------------------------------
    Total:

C:\Users\rodri\OneDrive\Documents\S11_G01_2019.2\Lab2\Projects\s11_g01_lab2\Debug\Obj: [1]
    s11_g01_lab2.o            308       32
    startup_TM4C1294.o        982
    system_TM4C1294_TW.o       44                 4
    uartstdio.o               840       36    1'178
    -----------------------------------------------
    Total:                  2'174       68    1'182

dl7M_tln.a: [2]
    XShttio.o                  60        8        9
    exit.o                      4
    low_level_init.o            4
    printf.o                   40
    putchar.o                  32
    xprintftiny.o             308
    xprout.o                   22
    -----------------------------------------------
    Total:                    470        8        9

driverlib.a: [3]
    cpu.o                      16
    gpio.o                    416      144
    interrupt.o               284               620
    sysctl.o                  684      588
    timer.o                   260      160
    uart.o                    276
    -----------------------------------------------
    Total:                  1'936      892      620

rt7M_tl.a: [4]
    cexit.o                    10
    cmain.o                    30
    copy_init3.o               46
    cstartup_M.o               12
    data_init.o                40
    strlen.o                   54
    zero_init3.o               58
    -----------------------------------------------
    Total:                    250

shb_l.a: [5]
    dwrite.o                   30
    exit.o                     20
    iarttio.o                 124
    iarwrite.o                 34
    iarwstd.o                  32
    write.o                    16
    -----------------------------------------------
    Total:                    256

    Gaps                        8        2
    Linker created                      36   32'768
---------------------------------------------------
    Grand Total:            5'094    1'006   34'579


*******************************************************************************
*** ENTRY LIST
***

Entry                       Address   Size  Type      Object
-----                       -------   ----  ----      ------
.iar.init_table$$Base        0x1674          --   Gb  - Linker created -
.iar.init_table$$Limit       0x1698          --   Gb  - Linker created -
?main                        0x1709         Code  Gb  cmain.o [4]
CPUcpsid                      0xbe5    0x8  Code  Gb  cpu.o [3]
CPUcpsie                      0xbed    0x8  Code  Gb  cpu.o [3]
CSTACK$$Base            0x2000'0a70          --   Gb  - Linker created -
CSTACK$$Limit           0x2000'8a70          --   Gb  - Linker created -
GPIODirModeSet                0xda5   0x28  Code  Gb  gpio.o [3]
GPIOPadConfigSet              0xdcd  0x102  Code  Gb  gpio.o [3]
GPIOPinConfigure              0xf03   0x36  Code  Gb  gpio.o [3]
GPIOPinTypeTimer              0xedb   0x14  Code  Gb  gpio.o [3]
GPIOPinTypeUART               0xeef   0x14  Code  Gb  gpio.o [3]
IntDisable                    0x791   0x46  Code  Gb  interrupt.o [3]
IntEnable                     0x749   0x46  Code  Gb  interrupt.o [3]
IntMasterDisable              0x711    0x6  Code  Gb  interrupt.o [3]
IntMasterEnable               0x709    0x8  Code  Gb  interrupt.o [3]
IntRegister                   0x71f   0x28  Code  Gb  interrupt.o [3]
IsBufferEmpty                 0x3dd   0x12  Code  Lc  uartstdio.o [1]
IsBufferFull                  0x3c1   0x1c  Code  Lc  uartstdio.o [1]
Region$$Table$$Base          0x1674          --   Gb  - Linker created -
Region$$Table$$Limit         0x1698          --   Gb  - Linker created -
SysCtlClockFreqSet            0x9a3  0x1fc  Code  Gb  sysctl.o [3]
SysCtlPeripheralEnable        0x985    0x8  Code  Gb  sysctl.o [3]
SysCtlPeripheralPresent
                              0x959    0xa  Code  Gb  sysctl.o [3]
SysCtlPeripheralReady         0x963    0x8  Code  Gb  sysctl.o [3]
SystemCoreClock         0x2000'0a6c    0x4  Data  Gb  system_TM4C1294_TW.o [1]
SystemInit                   0x15fd   0x1a  Code  Gb  system_TM4C1294_TW.o [1]
TimerConfigure               0x10c7   0x54  Code  Gb  timer.o [3]
TimerControlEvent            0x1131   0x16  Code  Gb  timer.o [3]
TimerEnable                  0x10b7   0x10  Code  Gb  timer.o [3]
TimerIntClear                0x1177    0x6  Code  Gb  timer.o [3]
TimerIntEnable               0x116d    0xa  Code  Gb  timer.o [3]
TimerIntRegister             0x1153   0x1a  Code  Gb  timer.o [3]
TimerValueGet                0x1147    0xc  Code  Gb  timer.o [3]
UART0_Handler                 0xf93    0x8  Code  Gb  s11_g01_lab2.o [1]
UARTCharGetNonBlocking        0x8eb   0x14  Code  Gb  uart.o [3]
UARTCharPutNonBlocking        0x8ff   0x16  Code  Gb  uart.o [3]
UARTCharsAvail                0x8d3    0x8  Code  Gb  uart.o [3]
UARTConfigSetExpClk           0x82d   0x5c  Code  Gb  uart.o [3]
UARTDisable                   0x8a3   0x22  Code  Gb  uart.o [3]
UARTEnable                    0x889   0x1a  Code  Gb  uart.o [3]
UARTFIFOLevelSet              0x825    0x8  Code  Gb  uart.o [3]
UARTFlushRx                   0x569   0x1c  Code  Gb  uartstdio.o [1]
UARTFlushTx                   0x585   0x30  Code  Gb  uartstdio.o [1]
UARTInit                      0xf45   0x4e  Code  Gb  s11_g01_lab2.o [1]
UARTIntClear                  0x933    0x6  Code  Gb  uart.o [3]
UARTIntDisable                0x91b    0x4  Code  Gb  uart.o [3]
UARTIntEnable                 0x915    0x6  Code  Gb  uart.o [3]
UARTIntStatus                 0x927    0xc  Code  Gb  uart.o [3]
UARTPrimeTransmit             0x3ef   0x6a  Code  Lc  uartstdio.o [1]
UARTSpaceAvail                0x8db    0x6  Code  Gb  uart.o [3]
UARTStdioConfig               0x459   0x7e  Code  Gb  uartstdio.o [1]
UARTStdioIntHandler           0x5b5  0x116  Code  Gb  uartstdio.o [1]
UARTStdioIntHandler::bLastWasCR
                        0x2000'04a1    0x1  Data  Lc  uartstdio.o [1]
UARTwrite                     0x4d7   0x92  Code  Gb  uartstdio.o [1]
_PrintfTiny                  0x11bd  0x11c  Code  Gb  xprintftiny.o [2]
_Prout                       0x1751   0x16  Code  Gb  xprout.o [2]
_SysCtlMemTimingGet           0x939   0x20  Code  Lc  sysctl.o [3]
_TimerIntNumberGet           0x1079   0x3e  Code  Lc  timer.o [3]
__Vectors                       0x0          --   Gb  startup_TM4C1294.o [1]
__Vectors_End                 0x3c0         Data  Gb  startup_TM4C1294.o [1]
__Vectors_Size {Abs}          0x3c0          --   Gb  startup_TM4C1294.o [1]
__cmain                      0x1709         Code  Gb  cmain.o [4]
__dwrite                     0x16c9   0x1e  Code  Gb  dwrite.o [5]
__exit                       0x173d   0x14  Code  Gb  exit.o [5]
__iar_close_ttio             0x1479   0x2c  Code  Gb  iarttio.o [5]
__iar_copy_init3             0x15cd   0x2e  Code  Gb  copy_init3.o [4]
__iar_data_init3             0x1629   0x28  Code  Gb  data_init.o [4]
__iar_get_ttio               0x14a5   0x4c  Code  Gb  iarttio.o [5]
__iar_init_vfp               0x1771         Code  Wk  startup_TM4C1294.o [1]
__iar_lookup_ttioh           0x1523    0x4  Code  Gb  XShttio.o [2]
__iar_program_start          0x17c1         Code  Gb  cstartup_M.o [4]
__iar_sh_stdout              0x16e7   0x20  Code  Gb  iarwstd.o [5]
__iar_sh_write               0x1651   0x22  Code  Gb  iarwrite.o [5]
__iar_ttio_guard_lock        0x14f5   0x1e  Code  Gb  XShttio.o [2]
__iar_ttio_guard_unlock
                             0x1513   0x10  Code  Gb  XShttio.o [2]
__iar_ttio_handles      0x2000'0000    0x8  Data  Lc  XShttio.o [2]
__iar_zero_init3             0x130f   0x3a  Code  Gb  zero_init3.o [4]
__low_level_init             0x1727    0x4  Code  Gb  low_level_init.o [2]
__vector_table                  0x0         Data  Gb  startup_TM4C1294.o [1]
__vector_table_0x1c            0x1c         Data  Gb  startup_TM4C1294.o [1]
__write                      0x16b9   0x10  Code  Gb  write.o [5]
_call_main                   0x1715         Code  Gb  cmain.o [4]
_exit                        0x1731         Code  Gb  cexit.o [4]
_main                        0x1723         Code  Gb  cmain.o [4]
duty_cycle                    0xf9b   0x2c  Code  Gb  s11_g01_lab2.o [1]
exit                         0x172b    0x4  Code  Gb  exit.o [2]
g_bDisableEcho          0x2000'04a0    0x1  Data  Lc  uartstdio.o [1]
g_pcUARTRxBuffer        0x2000'0408   0x80  Data  Lc  uartstdio.o [1]
g_pcUARTTxBuffer        0x2000'0008  0x400  Data  Lc  uartstdio.o [1]
g_pfnRAMVectors         0x2000'0800  0x26c  Data  Lc  interrupt.o [3]
g_pppui32XTALtoVCO            0xbf4  0x1b0  Data  Lc  sysctl.o [3]
g_ppui32TimerIntMap          0x1348   0x60  Data  Lc  timer.o [3]
g_ppui32TimerIntMapSnowflake
                             0x13a8   0x40  Data  Lc  timer.o [3]
g_pui32Dii16Regs              0x810   0x14  Data  Lc  interrupt.o [3]
g_pui32EnRegs                 0x7fc   0x14  Data  Lc  interrupt.o [3]
g_pui32GPIOBaseAddrs         0x13e8   0x90  Data  Lc  gpio.o [3]
g_pui32VCOFrequencies         0xbdc    0x8  Data  Lc  sysctl.o [3]
g_pui32Xtals                 0x1530   0x6c  Data  Lc  sysctl.o [3]
g_sXTALtoMEMTIM              0x159c   0x30  Data  Lc  sysctl.o [3]
g_ui32Base              0x2000'0498    0x4  Data  Lc  uartstdio.o [1]
g_ui32PortNum           0x2000'049c    0x4  Data  Lc  uartstdio.o [1]
g_ui32UARTBase               0x179c    0xc  Data  Lc  uartstdio.o [1]
g_ui32UARTInt                0x17a8    0xc  Data  Lc  uartstdio.o [1]
g_ui32UARTPeriph             0x17b4    0xc  Data  Lc  uartstdio.o [1]
g_ui32UARTRxReadIndex   0x2000'0494    0x4  Data  Lc  uartstdio.o [1]
g_ui32UARTRxWriteIndex  0x2000'0490    0x4  Data  Lc  uartstdio.o [1]
g_ui32UARTTxReadIndex   0x2000'048c    0x4  Data  Lc  uartstdio.o [1]
g_ui32UARTTxWriteIndex  0x2000'0488    0x4  Data  Lc  uartstdio.o [1]
main                          0xfc7   0x82  Code  Gb  s11_g01_lab2.o [1]
out                          0x11a5   0x18  Code  Lc  xprintftiny.o [2]
printf                       0x117d   0x28  Code  Gb  printf.o [2]
putchar                      0x1699   0x20  Code  Gb  putchar.o [2]
strlen                       0x12d9         Code  Gb  strlen.o [4]
ttio_guard              0x2000'04a2    0x1  Data  Lc  XShttio.o [2]


[1] = C:\Users\rodri\OneDrive\Documents\S11_G01_2019.2\Lab2\Projects\s11_g01_lab2\Debug\Obj
[2] = dl7M_tln.a
[3] = driverlib.a
[4] = rt7M_tl.a
[5] = shb_l.a

   5'094 bytes of readonly  code memory
   1'006 bytes of readonly  data memory
  34'579 bytes of readwrite data memory

Errors: none
Warnings: none
