###############################################################################
#
# IAR ELF Linker V8.40.1.212/W32 for ARM                  23/Oct/2019  20:34:46
# Copyright 2007-2019 IAR Systems AB.
#
#    Output file  =
#        C:\Users\rodri\OneDrive\Documents\S11_G01_2019.2\Lab2\Projects\s11_g01_lab2\Debug\Exe\meu_projeto.out
#    Map file     =
#        C:\Users\rodri\OneDrive\Documents\S11_G01_2019.2\Lab2\Projects\s11_g01_lab2\Debug\List\meu_projeto.map
#    Command line =
#        -f C:\Users\rodri\AppData\Local\Temp\EW3B3.tmp
#        (C:\Users\rodri\OneDrive\Documents\S11_G01_2019.2\Lab2\TivaWare_C_Series-2.1.4.178\driverlib\ewarm\Exe\driverlib.a
#        C:\Users\rodri\OneDrive\Documents\S11_G01_2019.2\Lab2\Projects\s11_g01_lab2\Debug\Obj\s11_g01_lab2.o
#        C:\Users\rodri\OneDrive\Documents\S11_G01_2019.2\Lab2\Projects\s11_g01_lab2\Debug\Obj\startup_TM4C1294.o
#        C:\Users\rodri\OneDrive\Documents\S11_G01_2019.2\Lab2\Projects\s11_g01_lab2\Debug\Obj\system_TM4C1294_TW.o
#        C:\Users\rodri\OneDrive\Documents\S11_G01_2019.2\Lab2\Projects\s11_g01_lab2\Debug\Obj\uartstdio.o
#        --no_out_extension -o
#        C:\Users\rodri\OneDrive\Documents\S11_G01_2019.2\Lab2\Projects\s11_g01_lab2\Debug\Exe\meu_projeto.out
#        --map
#        C:\Users\rodri\OneDrive\Documents\S11_G01_2019.2\Lab2\Projects\s11_g01_lab2\Debug\List\meu_projeto.map
#        --config "C:\Program Files (x86)\IAR Systems\Embedded Workbench
#        8.3\arm\config\linker\TexasInstruments\TM4C1294NC.icf" --semihosting
#        --entry __iar_program_start --vfe --text_out locale)
#
###############################################################################

*******************************************************************************
*** RUNTIME MODEL ATTRIBUTES
***

CppFlavor       = *
__SystemLibrary = DLib
__dlib_version  = 6


*******************************************************************************
*** HEAP SELECTION
***

The basic heap was selected because some modules are built with
size limitations (and not runtime checking), and --advanced_heap
was not specified.


*******************************************************************************
*** PLACEMENT SUMMARY
***

"A0":  place at address 0x0 { ro section .intvec };
"P1":  place in [from 0x0 to 0xf'ffff] { ro };
define block CSTACK with size = 32K, alignment = 8 { };
define block HEAP with size = 64K, alignment = 8 { };
"P2":  place in [from 0x2000'0000 to 0x2003'ffff] {
          rw, block CSTACK, block HEAP };
initialize by copy { rw };

  Section            Kind         Address    Size  Object
  -------            ----         -------    ----  ------
"A0":                                       0x3c0
  .intvec            ro code          0x0   0x3c0  startup_TM4C1294.o [1]
                                  - 0x3c0   0x3c0

"P1":                                      0x1728
  .text              ro code        0x3c0   0x518  uartstdio.o [1]
  .text              ro code        0x8d8   0x11c  interrupt.o [3]
  .text              ro code        0x9f4   0x114  uart.o [3]
  .text              ro code        0xb08   0x2ac  sysctl.o [3]
  .text              ro code        0xdb4    0x10  cpu.o [3]
  .text              ro code        0xdc4   0x1e4  s11_g01_lab2.o [1]
  .text              ro code        0xfa8    0x28  printf.o [2]
  .text              ro code        0xfd0   0x14c  timer.o [3]
  .text              ro code       0x111c   0x1a0  gpio.o [3]
  .text              ro code       0x12bc   0x134  xprintftiny.o [2]
  .text              ro code       0x13f0    0x36  strlen.o [4]
  .text              ro code       0x1426    0x3a  zero_init3.o [4]
  .rodata            const         0x1460   0x1b0  sysctl.o [3]
  .rodata            const         0x1610    0xa0  timer.o [3]
  .rodata            const         0x16b0    0x90  gpio.o [3]
  .text              ro code       0x1740    0x7c  iarttio.o [5]
  .text              ro code       0x17bc    0x3c  XShttio.o [2]
  .rodata            const         0x17f8    0x6c  sysctl.o [3]
  .rodata            const         0x1864    0x30  sysctl.o [3]
  .text              ro code       0x1894    0x2e  copy_init3.o [4]
  .text              ro code       0x18c2     0x2  startup_TM4C1294.o [1]
  .text              ro code       0x18c4    0x2c  system_TM4C1294_TW.o [1]
  .text              ro code       0x18f0    0x28  data_init.o [4]
  .text              ro code       0x1918    0x22  iarwrite.o [5]
  .iar.init_table    const         0x193c    0x24  - Linker created -
  .text              ro code       0x1960    0x20  putchar.o [2]
  .text              ro code       0x1980    0x10  write.o [5]
  .text              ro code       0x1990    0x1e  dwrite.o [5]
  .text              ro code       0x19ae    0x20  iarwstd.o [5]
  .text              ro code       0x19d0    0x1e  cmain.o [4]
  .text              ro code       0x19ee     0x4  low_level_init.o [2]
  .text              ro code       0x19f2     0x4  exit.o [2]
  .text              ro code       0x19f8     0xa  cexit.o [4]
  .text              ro code       0x1a04    0x14  exit.o [5]
  .text              ro code       0x1a18    0x16  xprout.o [2]
  .rodata            const         0x1a30    0x14  uartstdio.o [1]
  .text              ro code       0x1a44    0x14  startup_TM4C1294.o [1]
  .rodata            const         0x1a58    0x10  s11_g01_lab2.o [1]
  .rodata            const         0x1a68    0x10  s11_g01_lab2.o [1]
  Initializer bytes  const         0x1a78    0x10  <for P2-1>
  .rodata            const         0x1a88     0xc  s11_g01_lab2.o [1]
  .rodata            const         0x1a94     0xc  s11_g01_lab2.o [1]
  .rodata            const         0x1aa0     0xc  s11_g01_lab2.o [1]
  .rodata            const         0x1aac     0xc  uartstdio.o [1]
  .rodata            const         0x1ab8     0xc  uartstdio.o [1]
  .rodata            const         0x1ac4     0xc  uartstdio.o [1]
  .text              ro code       0x1ad0     0xc  cstartup_M.o [4]
  .rodata            const         0x1adc     0x8  uartstdio.o [1]
  .rodata            const         0x1ae4     0x4  uartstdio.o [1]
  .rodata            const         0x1ae8     0x0  zero_init3.o [4]
  .rodata            const         0x1ae8     0x0  copy_init3.o [4]
                                 - 0x1ae8  0x1728

"P2", part 1 of 3:                           0x10
  P2-1                        0x2000'0000    0x10  <Init block>
    .data            inited   0x2000'0000     0x4  s11_g01_lab2.o [1]
    .data            inited   0x2000'0004     0x4  s11_g01_lab2.o [1]
    .data            inited   0x2000'0008     0x8  XShttio.o [2]
                            - 0x2000'0010    0x10

"P2", part 2 of 3:                          0x49c
  .bss               zero     0x2000'0010   0x400  uartstdio.o [1]
  .bss               zero     0x2000'0410    0x80  uartstdio.o [1]
  .bss               zero     0x2000'0490     0x4  uartstdio.o [1]
  .bss               zero     0x2000'0494     0x4  uartstdio.o [1]
  .bss               zero     0x2000'0498     0x4  uartstdio.o [1]
  .bss               zero     0x2000'049c     0x4  uartstdio.o [1]
  .bss               zero     0x2000'04a0     0x4  uartstdio.o [1]
  .bss               zero     0x2000'04a4     0x4  uartstdio.o [1]
  .bss               zero     0x2000'04a8     0x1  uartstdio.o [1]
  .bss               zero     0x2000'04a9     0x1  uartstdio.o [1]
  .bss               zero     0x2000'04aa     0x1  XShttio.o [2]
                            - 0x2000'04ab   0x49b

"P2", part 3 of 3:                         0x8270
  VTABLE             uninit   0x2000'0800   0x26c  interrupt.o [3]
  .noinit            uninit   0x2000'0a6c     0x4  system_TM4C1294_TW.o [1]
  CSTACK                      0x2000'0a70  0x8000  <Block>
    CSTACK           uninit   0x2000'0a70  0x8000  <Block tail>
                            - 0x2000'8a70  0x8270

Unused ranges:

         From           To      Size
         ----           --      ----
       0x1ae8     0xf'ffff  0xf'e518
  0x2000'04ac  0x2000'07ff     0x354
  0x2000'8a70  0x2003'ffff  0x3'7590


*******************************************************************************
*** INIT TABLE
***

          Address      Size
          -------      ----
Zero (__iar_zero_init3)
    1 destination range, total size 0x49b:
          0x2000'0010  0x49b

Copy (__iar_copy_init3)
    1 source range, total size 0x10:
               0x1a78   0x10
    1 destination range, total size 0x10:
          0x2000'0000   0x10



*******************************************************************************
*** MODULE SUMMARY
***

    Module                ro code  ro data  rw data
    ------                -------  -------  -------
command line/config:
    -----------------------------------------------
    Total:

C:\Users\rodri\OneDrive\Documents\S11_G01_2019.2\Lab2\Projects\s11_g01_lab2\Debug\Obj: [1]
    s11_g01_lab2.o            484       76        8
    startup_TM4C1294.o        982
    system_TM4C1294_TW.o       44                 4
    uartstdio.o             1'304       68    1'178
    -----------------------------------------------
    Total:                  2'814      144    1'190

dl7M_tln.a: [2]
    XShttio.o                  60        8        9
    exit.o                      4
    low_level_init.o            4
    printf.o                   40
    putchar.o                  32
    xprintftiny.o             308
    xprout.o                   22
    -----------------------------------------------
    Total:                    470        8        9

driverlib.a: [3]
    cpu.o                      16
    gpio.o                    416      144
    interrupt.o               284               620
    sysctl.o                  684      588
    timer.o                   332      160
    uart.o                    276
    -----------------------------------------------
    Total:                  2'008      892      620

rt7M_tl.a: [4]
    cexit.o                    10
    cmain.o                    30
    copy_init3.o               46
    cstartup_M.o               12
    data_init.o                40
    strlen.o                   54
    zero_init3.o               58
    -----------------------------------------------
    Total:                    250

shb_l.a: [5]
    dwrite.o                   30
    exit.o                     20
    iarttio.o                 124
    iarwrite.o                 34
    iarwstd.o                  32
    write.o                    16
    -----------------------------------------------
    Total:                    256

    Gaps                        6        4
    Linker created                      36   32'768
---------------------------------------------------
    Grand Total:            5'804    1'084   34'587


*******************************************************************************
*** ENTRY LIST
***

Entry                       Address   Size  Type      Object
-----                       -------   ----  ----      ------
.iar.init_table$$Base        0x193c          --   Gb  - Linker created -
.iar.init_table$$Limit       0x1960          --   Gb  - Linker created -
?main                        0x19d1         Code  Gb  cmain.o [4]
CPUcpsid                      0xdb5    0x8  Code  Gb  cpu.o [3]
CPUcpsie                      0xdbd    0x8  Code  Gb  cpu.o [3]
CSTACK$$Base            0x2000'0a70          --   Gb  - Linker created -
CSTACK$$Limit           0x2000'8a70          --   Gb  - Linker created -
GPIODirModeSet               0x111d   0x28  Code  Gb  gpio.o [3]
GPIOPadConfigSet             0x1145  0x102  Code  Gb  gpio.o [3]
GPIOPinConfigure             0x127b   0x36  Code  Gb  gpio.o [3]
GPIOPinTypeTimer             0x1253   0x14  Code  Gb  gpio.o [3]
GPIOPinTypeUART              0x1267   0x14  Code  Gb  gpio.o [3]
IntDisable                    0x961   0x46  Code  Gb  interrupt.o [3]
IntEnable                     0x919   0x46  Code  Gb  interrupt.o [3]
IntMasterDisable              0x8e1    0x6  Code  Gb  interrupt.o [3]
IntMasterEnable               0x8d9    0x8  Code  Gb  interrupt.o [3]
IntRegister                   0x8ef   0x28  Code  Gb  interrupt.o [3]
IsBufferEmpty                 0x3dd   0x12  Code  Lc  uartstdio.o [1]
IsBufferFull                  0x3c1   0x1c  Code  Lc  uartstdio.o [1]
Region$$Table$$Base          0x193c          --   Gb  - Linker created -
Region$$Table$$Limit         0x1960          --   Gb  - Linker created -
SysCtlClockFreqSet            0xb73  0x1fc  Code  Gb  sysctl.o [3]
SysCtlPeripheralEnable        0xb55    0x8  Code  Gb  sysctl.o [3]
SysCtlPeripheralPresent
                              0xb29    0xa  Code  Gb  sysctl.o [3]
SysCtlPeripheralReady         0xb33    0x8  Code  Gb  sysctl.o [3]
SystemCoreClock         0x2000'0a6c    0x4  Data  Gb  system_TM4C1294_TW.o [1]
SystemInit                   0x18c5   0x1a  Code  Gb  system_TM4C1294_TW.o [1]
Timer0IntHandler              0xdc5   0x24  Code  Gb  s11_g01_lab2.o [1]
Timer1IntHandler              0xde9   0x24  Code  Gb  s11_g01_lab2.o [1]
TimerConfigure               0x101f   0x54  Code  Gb  timer.o [3]
TimerControlEvent            0x1089   0x16  Code  Gb  timer.o [3]
TimerEnable                  0x100f   0x10  Code  Gb  timer.o [3]
TimerIntClear                0x1117    0x6  Code  Gb  timer.o [3]
TimerIntEnable               0x110d    0xa  Code  Gb  timer.o [3]
TimerIntRegister             0x10f3   0x1a  Code  Gb  timer.o [3]
TimerLoadSet                 0x10b7   0x18  Code  Gb  timer.o [3]
TimerMatchSet                0x10db   0x18  Code  Gb  timer.o [3]
TimerPrescaleSet             0x109f   0x18  Code  Gb  timer.o [3]
TimerValueGet                0x10cf    0xc  Code  Gb  timer.o [3]
UART0_Handler                 0xe5b    0x8  Code  Gb  s11_g01_lab2.o [1]
UARTCharGetNonBlocking        0xabb   0x14  Code  Gb  uart.o [3]
UARTCharPutNonBlocking        0xacf   0x16  Code  Gb  uart.o [3]
UARTCharsAvail                0xaa3    0x8  Code  Gb  uart.o [3]
UARTConfigSetExpClk           0x9fd   0x5c  Code  Gb  uart.o [3]
UARTDisable                   0xa73   0x22  Code  Gb  uart.o [3]
UARTEnable                    0xa59   0x1a  Code  Gb  uart.o [3]
UARTFIFOLevelSet              0x9f5    0x8  Code  Gb  uart.o [3]
UARTFlushRx                   0x72d   0x1c  Code  Gb  uartstdio.o [1]
UARTFlushTx                   0x749   0x30  Code  Gb  uartstdio.o [1]
UARTInit                      0xe0d   0x4e  Code  Gb  s11_g01_lab2.o [1]
UARTIntClear                  0xb03    0x6  Code  Gb  uart.o [3]
UARTIntDisable                0xaeb    0x4  Code  Gb  uart.o [3]
UARTIntEnable                 0xae5    0x6  Code  Gb  uart.o [3]
UARTIntStatus                 0xaf7    0xc  Code  Gb  uart.o [3]
UARTPrimeTransmit             0x3ef   0x6a  Code  Lc  uartstdio.o [1]
UARTSpaceAvail                0xaab    0x6  Code  Gb  uart.o [3]
UARTStdioConfig               0x459   0x7e  Code  Gb  uartstdio.o [1]
UARTStdioIntHandler           0x77d  0x116  Code  Gb  uartstdio.o [1]
UARTStdioIntHandler::bLastWasCR
                        0x2000'04a9    0x1  Data  Lc  uartstdio.o [1]
UARTprintf                    0x71f    0xe  Code  Gb  uartstdio.o [1]
UARTvprintf                   0x569  0x1b6  Code  Gb  uartstdio.o [1]
UARTwrite                     0x4d7   0x92  Code  Gb  uartstdio.o [1]
_PrintfTiny                  0x12d5  0x11c  Code  Gb  xprintftiny.o [2]
_Prout                       0x1a19   0x16  Code  Gb  xprout.o [2]
_SysCtlMemTimingGet           0xb09   0x20  Code  Lc  sysctl.o [3]
_TimerIntNumberGet            0xfd1   0x3e  Code  Lc  timer.o [3]
__Vectors                       0x0          --   Gb  startup_TM4C1294.o [1]
__Vectors_End                 0x3c0         Data  Gb  startup_TM4C1294.o [1]
__Vectors_Size {Abs}          0x3c0          --   Gb  startup_TM4C1294.o [1]
__cmain                      0x19d1         Code  Gb  cmain.o [4]
__dwrite                     0x1991   0x1e  Code  Gb  dwrite.o [5]
__exit                       0x1a05   0x14  Code  Gb  exit.o [5]
__iar_close_ttio             0x1741   0x2c  Code  Gb  iarttio.o [5]
__iar_copy_init3             0x1895   0x2e  Code  Gb  copy_init3.o [4]
__iar_data_init3             0x18f1   0x28  Code  Gb  data_init.o [4]
__iar_get_ttio               0x176d   0x4c  Code  Gb  iarttio.o [5]
__iar_init_vfp               0x1a4d         Code  Wk  startup_TM4C1294.o [1]
__iar_lookup_ttioh           0x17eb    0x4  Code  Gb  XShttio.o [2]
__iar_program_start          0x1ad1         Code  Gb  cstartup_M.o [4]
__iar_sh_stdout              0x19af   0x20  Code  Gb  iarwstd.o [5]
__iar_sh_write               0x1919   0x22  Code  Gb  iarwrite.o [5]
__iar_ttio_guard_lock        0x17bd   0x1e  Code  Gb  XShttio.o [2]
__iar_ttio_guard_unlock
                             0x17db   0x10  Code  Gb  XShttio.o [2]
__iar_ttio_handles      0x2000'0008    0x8  Data  Lc  XShttio.o [2]
__iar_zero_init3             0x1427   0x3a  Code  Gb  zero_init3.o [4]
__low_level_init             0x19ef    0x4  Code  Gb  low_level_init.o [2]
__vector_table                  0x0         Data  Gb  startup_TM4C1294.o [1]
__vector_table_0x1c            0x1c         Data  Gb  startup_TM4C1294.o [1]
__write                      0x1981   0x10  Code  Gb  write.o [5]
_call_main                   0x19dd         Code  Gb  cmain.o [4]
_exit                        0x19f9         Code  Gb  cexit.o [4]
_main                        0x19eb         Code  Gb  cmain.o [4]
exit                         0x19f3    0x4  Code  Gb  exit.o [2]
g_bDisableEcho          0x2000'04a8    0x1  Data  Lc  uartstdio.o [1]
g_pcHex                      0x1ae4    0x4  Data  Lc  uartstdio.o [1]
g_pcUARTRxBuffer        0x2000'0410   0x80  Data  Lc  uartstdio.o [1]
g_pcUARTTxBuffer        0x2000'0010  0x400  Data  Lc  uartstdio.o [1]
g_pfnRAMVectors         0x2000'0800  0x26c  Data  Lc  interrupt.o [3]
g_pppui32XTALtoVCO           0x1460  0x1b0  Data  Lc  sysctl.o [3]
g_ppui32TimerIntMap          0x1610   0x60  Data  Lc  timer.o [3]
g_ppui32TimerIntMapSnowflake
                             0x1670   0x40  Data  Lc  timer.o [3]
g_pui32Dii16Regs              0x9e0   0x14  Data  Lc  interrupt.o [3]
g_pui32EnRegs                 0x9cc   0x14  Data  Lc  interrupt.o [3]
g_pui32GPIOBaseAddrs         0x16b0   0x90  Data  Lc  gpio.o [3]
g_pui32VCOFrequencies         0xdac    0x8  Data  Lc  sysctl.o [3]
g_pui32Xtals                 0x17f8   0x6c  Data  Lc  sysctl.o [3]
g_sXTALtoMEMTIM              0x1864   0x30  Data  Lc  sysctl.o [3]
g_ui32Base              0x2000'04a0    0x4  Data  Lc  uartstdio.o [1]
g_ui32PortNum           0x2000'04a4    0x4  Data  Lc  uartstdio.o [1]
g_ui32UARTBase               0x1aac    0xc  Data  Lc  uartstdio.o [1]
g_ui32UARTInt                0x1ab8    0xc  Data  Lc  uartstdio.o [1]
g_ui32UARTPeriph             0x1ac4    0xc  Data  Lc  uartstdio.o [1]
g_ui32UARTRxReadIndex   0x2000'049c    0x4  Data  Lc  uartstdio.o [1]
g_ui32UARTRxWriteIndex  0x2000'0498    0x4  Data  Lc  uartstdio.o [1]
g_ui32UARTTxReadIndex   0x2000'0494    0x4  Data  Lc  uartstdio.o [1]
g_ui32UARTTxWriteIndex  0x2000'0490    0x4  Data  Lc  uartstdio.o [1]
main                          0xe63   0xf6  Code  Gb  s11_g01_lab2.o [1]
out                          0x12bd   0x18  Code  Lc  xprintftiny.o [2]
printf                        0xfa9   0x28  Code  Gb  printf.o [2]
putchar                      0x1961   0x20  Code  Gb  putchar.o [2]
strlen                       0x13f1         Code  Gb  strlen.o [4]
timer0load              0x2000'0000    0x4  Data  Gb  s11_g01_lab2.o [1]
timer1load              0x2000'0004    0x4  Data  Gb  s11_g01_lab2.o [1]
ttio_guard              0x2000'04aa    0x1  Data  Lc  XShttio.o [2]


[1] = C:\Users\rodri\OneDrive\Documents\S11_G01_2019.2\Lab2\Projects\s11_g01_lab2\Debug\Obj
[2] = dl7M_tln.a
[3] = driverlib.a
[4] = rt7M_tl.a
[5] = shb_l.a

   5'804 bytes of readonly  code memory
   1'084 bytes of readonly  data memory
  34'587 bytes of readwrite data memory

Errors: none
Warnings: none
