###############################################################################
#
# IAR ELF Linker V8.40.2.214/W32 for ARM                  05/Dec/2019  18:47:56
# Copyright 2007-2019 IAR Systems AB.
#
#    Output file  =
#        C:\Users\rodri\Desktop\S11_G01_2019.2\Lab3\Projects\s11_g01_lab3\ewarm\Exe\tarefas.out
#    Map file     =
#        C:\Users\rodri\Desktop\S11_G01_2019.2\Lab3\Projects\s11_g01_lab3\ewarm\List\tarefas.map
#    Command line =
#        -f C:\Users\rodri\AppData\Local\Temp\EWAAA.tmp
#        (C:\Users\rodri\Desktop\S11_G01_2019.2\Lab3\Projects\s11_g01_lab3\ewarm\Obj\comandos.o
#        C:\Users\rodri\Desktop\S11_G01_2019.2\Lab3\Projects\s11_g01_lab3\ewarm\Obj\driverleds.o
#        C:\Users\rodri\Desktop\S11_G01_2019.2\Lab3\TivaWare_C_Series-2.1.4.178\driverlib\ewarm\Exe\driverlib.a
#        C:\Users\rodri\Desktop\S11_G01_2019.2\Lab3\Projects\s11_g01_lab3\ewarm\Obj\elevador.o
#        C:\Users\rodri\Desktop\S11_G01_2019.2\Lab3\Projects\s11_g01_lab3\ewarm\Obj\main.o
#        C:\Users\rodri\Desktop\S11_G01_2019.2\Lab3\CMSIS-5.6.0\CMSIS\RTOS2\RTX\Library\IAR\IDE\CM4F\Exe\RTX_CM.a
#        C:\Users\rodri\Desktop\S11_G01_2019.2\Lab3\Projects\s11_g01_lab3\ewarm\Obj\RTX_Config.o
#        C:\Users\rodri\Desktop\S11_G01_2019.2\Lab3\Projects\s11_g01_lab3\ewarm\Obj\rtx_lib.o
#        C:\Users\rodri\Desktop\S11_G01_2019.2\Lab3\Projects\s11_g01_lab3\ewarm\Obj\startup_TM4C1294.o
#        C:\Users\rodri\Desktop\S11_G01_2019.2\Lab3\Projects\s11_g01_lab3\ewarm\Obj\system_TM4C1294_TW.o
#        C:\Users\rodri\Desktop\S11_G01_2019.2\Lab3\Projects\s11_g01_lab3\ewarm\Obj\uartstdio.o
#        --no_out_extension -o
#        C:\Users\rodri\Desktop\S11_G01_2019.2\Lab3\Projects\s11_g01_lab3\ewarm\Exe\tarefas.out
#        --map
#        C:\Users\rodri\Desktop\S11_G01_2019.2\Lab3\Projects\s11_g01_lab3\ewarm\List\tarefas.map
#        --config "C:\Program Files (x86)\IAR Systems\Embedded Workbench
#        8.3\arm\config\linker\TexasInstruments\TM4C1294NC.icf" --semihosting
#        --entry __iar_program_start --vfe --text_out locale)
#
###############################################################################

*******************************************************************************
*** RUNTIME MODEL ATTRIBUTES
***

CppFlavor       = *
__SystemLibrary = DLib
__dlib_version  = 6


*******************************************************************************
*** HEAP SELECTION
***

The basic heap was selected because some modules are built with
size limitations (and not runtime checking), and --advanced_heap
was not specified.


*******************************************************************************
*** PLACEMENT SUMMARY
***

"A0":  place at address 0x0 { ro section .intvec };
"P1":  place in [from 0x0 to 0xf'ffff] { ro };
define block CSTACK with size = 32K, alignment = 8 { };
define block HEAP with size = 64K, alignment = 8 { };
"P2":  place in [from 0x2000'0000 to 0x2003'ffff] {
          rw, block CSTACK, block HEAP };
initialize by copy { rw };

  Section               Kind         Address    Size  Object
  -------               ----         -------    ----  ------
"A0":                                          0x3c0
  .intvec               ro code          0x0   0x3c0  startup_TM4C1294.o [1]
                                     - 0x3c0   0x3c0

"P1":                                         0x2c53
  .text                 ro code        0x3c0   0x768  rtx_thread.o [2]
  .text                 ro code        0xb28     0x2  rtx_evr.o [2]
  .text                 ro code        0xb2a     0x2  rtx_evr.o [2]
  .text                 ro code        0xb2c     0x2  rtx_evr.o [2]
  .text                 ro code        0xb2e     0x2  rtx_evr.o [2]
  .text                 ro code        0xb30     0x2  rtx_evr.o [2]
  .text                 ro code        0xb32     0x2  rtx_evr.o [2]
  .text                 ro code        0xb34     0x2  rtx_evr.o [2]
  .text                 ro code        0xb36     0x2  rtx_evr.o [2]
  .text                 ro code        0xb38     0x2  rtx_evr.o [2]
  .text                 ro code        0xb3a     0x2  rtx_evr.o [2]
  .text                 ro code        0xb3c     0x2  rtx_evr.o [2]
  .text                 ro code        0xb3e     0x2  rtx_evr.o [2]
  .text                 ro code        0xb40     0x2  rtx_evr.o [2]
  .text                 ro code        0xb42    0x3a  zero_init3.o [5]
  .text                 ro code        0xb7c    0xe6  rtx_mempool.o [2]
  .text                 ro code        0xc62     0x2  rtx_evr.o [2]
  .text                 ro code        0xc64    0x82  rtx_memory.o [2]
  .text                 ro code        0xce6     0x2  RTX_Config.o [1]
  .text                 ro code        0xce8     0x6  ABImemclr4.o [5]
  .text                 ro code        0xcee     0x2  rtx_evr.o [2]
  .text                 ro code        0xcf0    0x4a  rtx_memory.o [2]
  .text                 ro code        0xd3a     0x2  startup_TM4C1294.o [1]
  .text                 ro code        0xd3c    0x52  rtx_mutex.o [2]
  .text                 ro code        0xd8e     0x2  rtx_evr.o [2]
  .text                 ro code        0xd90     0x2  rtx_evr.o [2]
  .text                 ro code        0xd92     0x2  rtx_evr.o [2]
  .text                 ro code        0xd94     0x2  rtx_evr.o [2]
  .text                 ro code        0xd96    0x20  RTX_Config.o [1]
  .text                 ro code        0xdb6     0x2  rtx_evr.o [2]
  .text                 ro code        0xdb8     0x2  rtx_evr.o [2]
  .text                 ro code        0xdba     0x2  rtx_evr.o [2]
  .text                 ro code        0xdbc     0x2  rtx_evr.o [2]
  .text                 ro code        0xdc0    0x32  ABImemset48.o [5]
  .text                 ro code        0xdf2     0x2  rtx_evr.o [2]
  .text                 ro code        0xdf4     0x2  rtx_evr.o [2]
  .text                 ro code        0xdf6     0x2  rtx_evr.o [2]
  .text                 ro code        0xdf8   0x61c  rtx_msgqueue.o [2]
  .text                 ro code       0x1414    0xa6  ABImemcpy.o [5]
  .text                 ro code       0x14ba     0x2  rtx_evr.o [2]
  .text                 ro code       0x14bc     0x2  rtx_evr.o [2]
  .text                 ro code       0x14be     0x2  rtx_evr.o [2]
  .text                 ro code       0x14c0     0x6  ABImemclr.o [5]
  .text                 ro code       0x14c6     0x2  rtx_evr.o [2]
  .text                 ro code       0x14c8     0x2  rtx_evr.o [2]
  .text                 ro code       0x14ca     0x2  rtx_evr.o [2]
  .text                 ro code       0x14cc     0x2  rtx_evr.o [2]
  .text                 ro code       0x14ce     0x2  rtx_evr.o [2]
  .text                 ro code       0x14d0     0x2  rtx_evr.o [2]
  .text                 ro code       0x14d2     0x2  rtx_evr.o [2]
  .text                 ro code       0x14d4   0x174  rtx_system.o [2]
  .text                 ro code       0x1648     0x2  rtx_evr.o [2]
  .text                 ro code       0x164a     0x2  rtx_evr.o [2]
  .text                 ro code       0x164c    0x5e  ABImemset.o [5]
  .text                 ro code       0x16ac     0xc  os_systick.o [2]
  .text                 ro code       0x16b8   0x3a0  uartstdio.o [1]
  .text                 ro code       0x1a58    0xec  interrupt.o [4]
  .text                 ro code       0x1b44   0x114  uart.o [4]
  .text                 ro code       0x1c58   0x2ac  sysctl.o [4]
  .text                 ro code       0x1f04    0x10  cpu.o [4]
  .text                 ro code       0x1f14   0x294  rtx_kernel.o [2]
  .text                 ro code       0x21a8     0x2  rtx_evr.o [2]
  .text                 ro code       0x21aa    0x44  rtx_memory.o [2]
  .text                 ro code       0x21ee     0x2  rtx_evr.o [2]
  .text                 ro code       0x21f0     0x2  rtx_evr.o [2]
  .text                 ro code       0x21f4    0x40  os_systick.o [2]
  .text                 ro code       0x2234     0x6  os_systick.o [2]
  .text                 ro code       0x223c    0x2c  os_systick.o [2]
  .text                 ro code       0x2268     0x2  rtx_evr.o [2]
  .text                 ro code       0x226a     0x2  rtx_lib.o [1]
  .text                 ro code       0x226c     0x2  rtx_evr.o [2]
  .text                 ro code       0x226e     0x2  rtx_evr.o [2]
  .text                 ro code       0x2270     0x2  rtx_evr.o [2]
  .rodata               const         0x2274   0x1b0  sysctl.o [4]
  .text                 ro code       0x2424   0x18c  gpio.o [4]
  .text                 ro code       0x25b0   0x134  xprintftiny.o [3]
  .text                 ro code       0x26e4    0x36  strlen.o [5]
  .text                 ro code       0x271c    0xe4  main.o [1]
  .text                 ro code       0x2800    0x64  rtx_delay.o [2]
  .text                 ro code       0x2864    0x2c  system_TM4C1294_TW.o [1]
  .text                 ro code       0x2890     0x2  rtx_evr.o [2]
  .text                 ro code       0x2892     0x2  rtx_evr.o [2]
  .text                 ro code       0x2894     0x2  rtx_evr.o [2]
  .text                 ro code       0x2898    0xd4  rtx_timer.o [2]
  .text                 ro code       0x296c     0x2  rtx_evr.o [2]
  .text                 ro code       0x2970    0xc4  irq_cm4f.o [2]
  .rodata               const         0x2a34    0x90  gpio.o [4]
  .text                 ro code       0x2ac4    0x84  elevador.o [1]
  .text                 ro code       0x2b48    0x28  printf.o [3]
  .text                 ro code       0x2b70    0x18  strcpy.o [5]
  .text                 ro code       0x2b88    0x1e  strcat.o [3]
  .text                 ro code       0x2ba8    0x7c  iarttio.o [6]
  .text                 ro code       0x2c24    0x3c  XShttio.o [3]
  .text                 ro code       0x2c60    0x70  comandos.o [1]
  .rodata               const         0x2cd0    0x6c  sysctl.o [4]
  .rodata               const         0x2d3c    0x68  rtx_lib.o [1]
  .text                 ro code       0x2da4    0x38  packbits_init_single.o [5]
  .rodata               const         0x2ddc    0x30  sysctl.o [4]
  .text                 ro code       0x2e0c    0x28  data_init.o [5]
  .rodata               const         0x2e34    0x24  rtx_lib.o [1]
  .rodata               const         0x2e58    0x24  rtx_lib.o [1]
  .text                 ro code       0x2e7c    0x22  iarwrite.o [6]
  .iar.init_table       const         0x2ea0    0x20  - Linker created -
  .text                 ro code       0x2ec0    0x20  putchar.o [3]
  .text                 ro code       0x2ee0    0x10  write.o [6]
  .text                 ro code       0x2ef0    0x1e  dwrite.o [6]
  .text                 ro code       0x2f0e    0x20  iarwstd.o [6]
  .text                 ro code       0x2f30    0x1e  cmain.o [5]
  .text                 ro code       0x2f4e     0x4  low_level_init.o [3]
  .text                 ro code       0x2f52     0x4  exit.o [3]
  .text                 ro code       0x2f58     0xa  cexit.o [5]
  .text                 ro code       0x2f64    0x14  exit.o [6]
  .rodata               const         0x2f78    0x18  rtx_lib.o [1]
  .text                 ro code       0x2f90    0x16  xprout.o [3]
  .rodata               const         0x2fa8    0x14  elevador.o [1]
  .text                 ro code       0x2fbc    0x14  startup_TM4C1294.o [1]
  .rodata               const         0x2fd0     0xc  uartstdio.o [1]
  .rodata               const         0x2fdc     0xc  uartstdio.o [1]
  .rodata               const         0x2fe8     0xc  uartstdio.o [1]
  .text                 ro code       0x2ff4     0xc  cstartup_M.o [5]
  .rodata               const         0x3000     0x4  rtx_lib.o [1]
  .rodata               const         0x3004     0x0  zero_init3.o [5]
  .rodata               const         0x3004     0x0  packbits_init_single.o [5]
  Initializer bytes     const         0x3004     0xf  <for P2-1>
                                    - 0x3013  0x2c53

"P2", part 1 of 3:                              0xac
  P2-1                           0x2000'0000    0xac  <Init block>
    .data               inited   0x2000'0000     0x8  XShttio.o [3]
    .data.os            inited   0x2000'0008    0xa4  rtx_kernel.o [2]
                               - 0x2000'00ac    0xac

"P2", part 2 of 3:                            0x1818
  .bss.os               zero     0x2000'00b0  0x1000  rtx_lib.o [1]
  .bss                  zero     0x2000'10b0   0x400  uartstdio.o [1]
  .bss.os.thread.stack  zero     0x2000'14b0   0x100  rtx_lib.o [1]
  .bss.os.thread.stack  zero     0x2000'15b0   0x100  rtx_lib.o [1]
  .bss                  zero     0x2000'16b0    0x80  uartstdio.o [1]
  .bss.os.msgqueue.mem  zero     0x2000'1730    0x50  rtx_lib.o [1]
  .bss.os.thread.cb     zero     0x2000'1780    0x44  rtx_lib.o [1]
  .bss.os.thread.cb     zero     0x2000'17c4    0x44  rtx_lib.o [1]
  .bss.os               zero     0x2000'1808    0x40  rtx_lib.o [1]
  .bss.os.msgqueue.cb   zero     0x2000'1848    0x34  rtx_lib.o [1]
  .bss                  zero     0x2000'187c     0xc  comandos.o [1]
  .bss                  zero     0x2000'1888     0xc  elevador.o [1]
  .bss                  zero     0x2000'1894     0x8  comandos.o [1]
  .bss                  zero     0x2000'189c     0x8  comandos.o [1]
  .bss                  zero     0x2000'18a4     0x4  comandos.o [1]
  .bss                  zero     0x2000'18a8     0x4  uartstdio.o [1]
  .bss                  zero     0x2000'18ac     0x4  uartstdio.o [1]
  .bss                  zero     0x2000'18b0     0x4  uartstdio.o [1]
  .bss                  zero     0x2000'18b4     0x4  uartstdio.o [1]
  .bss                  zero     0x2000'18b8     0x4  uartstdio.o [1]
  .bss                  zero     0x2000'18bc     0x4  uartstdio.o [1]
  .bss                  zero     0x2000'18c0     0x1  uartstdio.o [1]
  .bss                  zero     0x2000'18c1     0x1  uartstdio.o [1]
  .bss                  zero     0x2000'18c2     0x1  os_systick.o [2]
  .bss                  zero     0x2000'18c3     0x1  XShttio.o [3]
                               - 0x2000'18c4  0x1818

"P2", part 3 of 3:                            0x8004
  .noinit               uninit   0x2000'18c4     0x4  system_TM4C1294_TW.o [1]
  CSTACK                         0x2000'18c8  0x8000  <Block>
    CSTACK              uninit   0x2000'18c8  0x8000  <Block tail>
                               - 0x2000'98c8  0x8004

Unused ranges:

         From           To      Size
         ----           --      ----
       0x3013     0xf'ffff  0xf'cfed
  0x2000'98c8  0x2003'ffff  0x3'6738


*******************************************************************************
*** INIT TABLE
***

          Address      Size
          -------      ----
Zero (__iar_zero_init3)
    1 destination range, total size 0x1814:
          0x2000'00b0  0x1814

Copy/packbits (__iar_packbits_init_single3)
    1 source range, total size 0xf (8% of destination):
               0x3004     0xf
    1 destination range, total size 0xac:
          0x2000'0000    0xac



*******************************************************************************
*** MODULE SUMMARY
***

    Module                  ro code  ro data  rw data
    ------                  -------  -------  -------
command line/config:
    -------------------------------------------------
    Total:

C:\Users\rodri\Desktop\S11_G01_2019.2\Lab3\Projects\s11_g01_lab3\ewarm\Obj: [1]
    RTX_Config.o                 34
    comandos.o                  112                32
    elevador.o                  132       20       12
    main.o                      228
    rtx_lib.o                     2      204    4'940
    startup_TM4C1294.o          982
    system_TM4C1294_TW.o         44                 4
    uartstdio.o                 928       36    1'178
    -------------------------------------------------
    Total:                    2'462      260    6'166

RTX_CM.a: [2]
    irq_cm4f.o                  196
    os_systick.o                126                 1
    rtx_delay.o                 100
    rtx_evr.o                    98
    rtx_kernel.o                660       15      164
    rtx_memory.o                272
    rtx_mempool.o               230
    rtx_msgqueue.o            1'564
    rtx_mutex.o                  82
    rtx_system.o                372
    rtx_thread.o              1'896
    rtx_timer.o                 212
    -------------------------------------------------
    Total:                    5'808       15      165

dl7M_tln.a: [3]
    XShttio.o                    60                 9
    exit.o                        4
    low_level_init.o              4
    printf.o                     40
    putchar.o                    32
    strcat.o                     30
    xprintftiny.o               308
    xprout.o                     22
    -------------------------------------------------
    Total:                      500                 9

driverlib.a: [4]
    cpu.o                        16
    gpio.o                      396      144
    interrupt.o                 236
    sysctl.o                    684      588
    uart.o                      276
    -------------------------------------------------
    Total:                    1'608      732

rt7M_tl.a: [5]
    ABImemclr.o                   6
    ABImemclr4.o                  6
    ABImemcpy.o                 166
    ABImemset.o                  94
    ABImemset48.o                50
    cexit.o                      10
    cmain.o                      30
    cstartup_M.o                 12
    data_init.o                  40
    packbits_init_single.o       56
    strcpy.o                     24
    strlen.o                     54
    zero_init3.o                 58
    -------------------------------------------------
    Total:                      606

shb_l.a: [6]
    dwrite.o                     30
    exit.o                       20
    iarttio.o                   124
    iarwrite.o                   34
    iarwstd.o                    32
    write.o                      16
    -------------------------------------------------
    Total:                      256

    Gaps                         22        6        4
    Linker created                        32   32'768
-----------------------------------------------------
    Grand Total:             11'262    1'045   39'112


*******************************************************************************
*** ENTRY LIST
***

Entry                       Address    Size  Type      Object
-----                       -------    ----  ----      ------
.iar.init_table$$Base        0x2ea0           --   Gb  - Linker created -
.iar.init_table$$Limit       0x2ec0           --   Gb  - Linker created -
?main                        0x2f31          Code  Gb  cmain.o [5]
CPUcpsid                     0x1f05     0x8  Code  Gb  cpu.o [4]
CPUcpsie                     0x1f0d     0x8  Code  Gb  cpu.o [4]
CSTACK$$Base            0x2000'18c8           --   Gb  - Linker created -
CSTACK$$Limit           0x2000'98c8           --   Gb  - Linker created -
EvrRtxDelay                  0x2893     0x2  Code  Wk  rtx_evr.o [2]
EvrRtxDelayCompleted          0xb29     0x2  Code  Wk  rtx_evr.o [2]
EvrRtxDelayError             0x2895     0x2  Code  Wk  rtx_evr.o [2]
EvrRtxDelayStarted           0x2891     0x2  Code  Wk  rtx_evr.o [2]
EvrRtxEventFlagsWaitTimeout
                              0xb2d     0x2  Code  Wk  rtx_evr.o [2]
EvrRtxKernelError            0x21a9     0x2  Code  Wk  rtx_evr.o [2]
EvrRtxKernelGetState         0x21f1     0x2  Code  Wk  rtx_evr.o [2]
EvrRtxKernelInitialize       0x226d     0x2  Code  Wk  rtx_evr.o [2]
EvrRtxKernelInitialized
                             0x21ef     0x2  Code  Wk  rtx_evr.o [2]
EvrRtxKernelStart            0x226f     0x2  Code  Wk  rtx_evr.o [2]
EvrRtxKernelStarted          0x2269     0x2  Code  Wk  rtx_evr.o [2]
EvrRtxMemoryAlloc             0xdbd     0x2  Code  Wk  rtx_evr.o [2]
EvrRtxMemoryBlockAlloc        0xdb9     0x2  Code  Wk  rtx_evr.o [2]
EvrRtxMemoryBlockFree         0xdbb     0x2  Code  Wk  rtx_evr.o [2]
EvrRtxMemoryBlockInit         0xdb7     0x2  Code  Wk  rtx_evr.o [2]
EvrRtxMemoryFree              0xdf3     0x2  Code  Wk  rtx_evr.o [2]
EvrRtxMemoryInit             0x2271     0x2  Code  Wk  rtx_evr.o [2]
EvrRtxMemoryPoolAllocTimeout
                              0xb33     0x2  Code  Wk  rtx_evr.o [2]
EvrRtxMessageQueueCreated
                             0x14c7     0x2  Code  Wk  rtx_evr.o [2]
EvrRtxMessageQueueError
                             0x14bf     0x2  Code  Wk  rtx_evr.o [2]
EvrRtxMessageQueueGet        0x164b     0x2  Code  Wk  rtx_evr.o [2]
EvrRtxMessageQueueGetPending
                             0x14cd     0x2  Code  Wk  rtx_evr.o [2]
EvrRtxMessageQueueGetTimeout
                              0xb35     0x2  Code  Wk  rtx_evr.o [2]
EvrRtxMessageQueueInsertPending
                             0x1649     0x2  Code  Wk  rtx_evr.o [2]
EvrRtxMessageQueueInserted
                             0x14bb     0x2  Code  Wk  rtx_evr.o [2]
EvrRtxMessageQueueNew        0x14d1     0x2  Code  Wk  rtx_evr.o [2]
EvrRtxMessageQueueNotInserted
                             0x14cb     0x2  Code  Wk  rtx_evr.o [2]
EvrRtxMessageQueueNotRetrieved
                             0x14cf     0x2  Code  Wk  rtx_evr.o [2]
EvrRtxMessageQueuePut        0x14d3     0x2  Code  Wk  rtx_evr.o [2]
EvrRtxMessageQueuePutPending
                             0x14c9     0x2  Code  Wk  rtx_evr.o [2]
EvrRtxMessageQueuePutTimeout
                              0xb37     0x2  Code  Wk  rtx_evr.o [2]
EvrRtxMessageQueueRetrieved
                             0x14bd     0x2  Code  Wk  rtx_evr.o [2]
EvrRtxMutexAcquireTimeout
                              0xb2f     0x2  Code  Wk  rtx_evr.o [2]
EvrRtxMutexAcquired           0xdf7     0x2  Code  Wk  rtx_evr.o [2]
EvrRtxMutexReleased           0xdf5     0x2  Code  Wk  rtx_evr.o [2]
EvrRtxSemaphoreAcquireTimeout
                              0xb31     0x2  Code  Wk  rtx_evr.o [2]
EvrRtxThreadBlocked           0xb3f     0x2  Code  Wk  rtx_evr.o [2]
EvrRtxThreadCreated           0xcef     0x2  Code  Wk  rtx_evr.o [2]
EvrRtxThreadDestroyed         0xd91     0x2  Code  Wk  rtx_evr.o [2]
EvrRtxThreadError             0xc63     0x2  Code  Wk  rtx_evr.o [2]
EvrRtxThreadExit              0xd95     0x2  Code  Wk  rtx_evr.o [2]
EvrRtxThreadFlagsWaitCompleted
                              0xb41     0x2  Code  Wk  rtx_evr.o [2]
EvrRtxThreadFlagsWaitTimeout
                              0xb2b     0x2  Code  Wk  rtx_evr.o [2]
EvrRtxThreadJoined            0xd8f     0x2  Code  Wk  rtx_evr.o [2]
EvrRtxThreadNew               0xd93     0x2  Code  Wk  rtx_evr.o [2]
EvrRtxThreadPreempted         0xb3b     0x2  Code  Wk  rtx_evr.o [2]
EvrRtxThreadSwitched          0xb3d     0x2  Code  Wk  rtx_evr.o [2]
EvrRtxThreadUnblocked         0xb39     0x2  Code  Wk  rtx_evr.o [2]
EvrRtxTimerCallback          0x296d     0x2  Code  Wk  rtx_evr.o [2]
GPIODirModeSet               0x2425    0x28  Code  Gb  gpio.o [4]
GPIOPadConfigSet             0x244d   0x102  Code  Gb  gpio.o [4]
GPIOPinConfigure             0x256f    0x36  Code  Gb  gpio.o [4]
GPIOPinTypeUART              0x255b    0x14  Code  Gb  gpio.o [4]
IntDisable                   0x1ab9    0x46  Code  Gb  interrupt.o [4]
IntEnable                    0x1a71    0x46  Code  Gb  interrupt.o [4]
IntMasterDisable             0x1a61     0x6  Code  Gb  interrupt.o [4]
IntMasterEnable              0x1a59     0x8  Code  Gb  interrupt.o [4]
IsBufferEmpty                0x16d5    0x12  Code  Lc  uartstdio.o [1]
IsBufferFull                 0x16b9    0x1c  Code  Lc  uartstdio.o [1]
MessageQueueGet               0xe45    0x40  Code  Lc  rtx_msgqueue.o [2]
MessageQueuePut               0xdf9    0x4a  Code  Lc  rtx_msgqueue.o [2]
MessageQueueRemove            0xe85    0x1a  Code  Lc  rtx_msgqueue.o [2]
OS_Tick_AcknowledgeIRQ       0x16ad     0xc  Code  Wk  os_systick.o [2]
OS_Tick_Enable               0x223d    0x2c  Code  Wk  os_systick.o [2]
OS_Tick_GetIRQn              0x2235     0x6  Code  Wk  os_systick.o [2]
OS_Tick_Setup                0x21f5    0x40  Code  Wk  os_systick.o [2]
PendST                  0x2000'18c2     0x1  Data  Lc  os_systick.o [2]
PendSV_Handler               0x2a09          Code  Gb  irq_cm4f.o [2]
Region$$Table$$Base          0x2ea0           --   Gb  - Linker created -
Region$$Table$$Limit         0x2ec0           --   Gb  - Linker created -
SVC_Handler                  0x2971          Code  Gb  irq_cm4f.o [2]
SysCtlClockFreqSet           0x1cc3   0x1fc  Code  Gb  sysctl.o [4]
SysCtlPeripheralEnable       0x1ca5     0x8  Code  Gb  sysctl.o [4]
SysCtlPeripheralPresent
                             0x1c79     0xa  Code  Gb  sysctl.o [4]
SysCtlPeripheralReady        0x1c83     0x8  Code  Gb  sysctl.o [4]
SysTick_Handler              0x2a19          Code  Gb  irq_cm4f.o [2]
SystemCoreClock         0x2000'18c4     0x4  Data  Gb  system_TM4C1294_TW.o [1]
SystemCoreClockUpdate        0x2865     0x2  Code  Gb  system_TM4C1294_TW.o [1]
SystemInit                   0x2867    0x1a  Code  Gb  system_TM4C1294_TW.o [1]
ThreadFlagsCheck              0x3c1    0x6c  Code  Lc  rtx_thread.o [2]
TimerInsert                  0x2899    0x38  Code  Lc  rtx_timer.o [2]
UART0_Handler                0x276b     0x8  Code  Gb  main.o [1]
UARTCharGetNonBlocking       0x1c0b    0x14  Code  Gb  uart.o [4]
UARTCharPutNonBlocking       0x1c1f    0x16  Code  Gb  uart.o [4]
UARTCharsAvail               0x1bf3     0x8  Code  Gb  uart.o [4]
UARTConfigSetExpClk          0x1b4d    0x5c  Code  Gb  uart.o [4]
UARTDisable                  0x1bc3    0x22  Code  Gb  uart.o [4]
UARTEnable                   0x1ba9    0x1a  Code  Gb  uart.o [4]
UARTFIFOLevelSet             0x1b45     0x8  Code  Gb  uart.o [4]
UARTFlushRx                  0x18b9    0x1c  Code  Gb  uartstdio.o [1]
UARTFlushTx                  0x18d5    0x30  Code  Gb  uartstdio.o [1]
UARTInit                     0x271d    0x4e  Code  Gb  main.o [1]
UARTIntClear                 0x1c53     0x6  Code  Gb  uart.o [4]
UARTIntDisable               0x1c3b     0x4  Code  Gb  uart.o [4]
UARTIntEnable                0x1c35     0x6  Code  Gb  uart.o [4]
UARTIntStatus                0x1c47     0xc  Code  Gb  uart.o [4]
UARTPrimeTransmit            0x16e7    0x6a  Code  Lc  uartstdio.o [1]
UARTSpaceAvail               0x1bfb     0x6  Code  Gb  uart.o [4]
UARTStdioConfig              0x1751    0x7e  Code  Gb  uartstdio.o [1]
UARTStdioIntHandler          0x1905   0x116  Code  Gb  uartstdio.o [1]
UARTStdioIntHandler::bLastWasCR
                        0x2000'18c1     0x1  Data  Lc  uartstdio.o [1]
UARTgets                     0x1861    0x58  Code  Gb  uartstdio.o [1]
UARTwrite                    0x17cf    0x92  Code  Gb  uartstdio.o [1]
_PrintfTiny                  0x25c9   0x11c  Code  Gb  xprintftiny.o [3]
_Prout                       0x2f91    0x16  Code  Gb  xprout.o [3]
_SysCtlMemTimingGet          0x1c59    0x20  Code  Lc  sysctl.o [4]
__Vectors                       0x0           --   Gb  startup_TM4C1294.o [1]
__Vectors_End                 0x3c0          Data  Gb  startup_TM4C1294.o [1]
__Vectors_Size {Abs}          0x3c0           --   Gb  startup_TM4C1294.o [1]
__aeabi_memclr               0x14c1          Code  Gb  ABImemclr.o [5]
__aeabi_memclr4               0xce9          Code  Gb  ABImemclr4.o [5]
__aeabi_memcpy               0x1415          Code  Gb  ABImemcpy.o [5]
__aeabi_memcpy4              0x1435          Code  Gb  ABImemcpy.o [5]
__aeabi_memcpy8              0x1435          Code  Gb  ABImemcpy.o [5]
__cmain                      0x2f31          Code  Gb  cmain.o [5]
__dwrite                     0x2ef1    0x1e  Code  Gb  dwrite.o [6]
__exit                       0x2f65    0x14  Code  Gb  exit.o [6]
__iar_Memset4_word            0xdc1          Code  Gb  ABImemset48.o [5]
__iar_Memset8_word            0xdc1          Code  Gb  ABImemset48.o [5]
__iar_Memset_word            0x164d          Code  Gb  ABImemset.o [5]
__iar_close_ttio             0x2ba9    0x2c  Code  Gb  iarttio.o [6]
__iar_data_init3             0x2e0d    0x28  Code  Gb  data_init.o [5]
__iar_get_ttio               0x2bd5    0x4c  Code  Gb  iarttio.o [6]
__iar_init_vfp               0x2fc5          Code  Wk  startup_TM4C1294.o [1]
__iar_lookup_ttioh           0x2c53     0x4  Code  Gb  XShttio.o [3]
__iar_packbits_init_single3
                             0x2da5    0x38  Code  Gb  packbits_init_single.o [5]
__iar_program_start          0x2ff5          Code  Gb  cstartup_M.o [5]
__iar_sh_stdout              0x2f0f    0x20  Code  Gb  iarwstd.o [6]
__iar_sh_write               0x2e7d    0x22  Code  Gb  iarwrite.o [6]
__iar_ttio_guard_lock        0x2c25    0x1e  Code  Gb  XShttio.o [3]
__iar_ttio_guard_unlock
                             0x2c43    0x10  Code  Gb  XShttio.o [3]
__iar_ttio_handles      0x2000'0000     0x8  Data  Lc  XShttio.o [3]
__iar_zero_init3              0xb43    0x3a  Code  Gb  zero_init3.o [5]
__low_level_init             0x2f4f     0x4  Code  Gb  low_level_init.o [3]
__vector_table                  0x0          Data  Gb  startup_TM4C1294.o [1]
__vector_table_0x1c            0x1c          Data  Gb  startup_TM4C1294.o [1]
__write                      0x2ee1    0x10  Code  Gb  write.o [6]
_call_main                   0x2f3d          Code  Gb  cmain.o [5]
_exit                        0x2f59          Code  Gb  cexit.o [5]
_main                        0x2f4b          Code  Gb  cmain.o [5]
app_main                     0x2773    0x48  Code  Gb  main.o [1]
decode                       0x2c61    0x50  Code  Gb  comandos.o [1]
elevadorID                   0x2b17    0x1a  Code  Gb  elevador.o [1]
entrada                 0x2000'1894     0x8  Data  Gb  comandos.o [1]
exit                         0x2f53     0x4  Code  Gb  exit.o [3]
fechaPorta                   0x2af9    0x1e  Code  Gb  elevador.o [1]
g_bDisableEcho          0x2000'18c0     0x1  Data  Lc  uartstdio.o [1]
g_pcUARTRxBuffer        0x2000'16b0    0x80  Data  Lc  uartstdio.o [1]
g_pcUARTTxBuffer        0x2000'10b0   0x400  Data  Lc  uartstdio.o [1]
g_pppui32XTALtoVCO           0x2274   0x1b0  Data  Lc  sysctl.o [4]
g_pui32Dii16Regs             0x1b30    0x14  Data  Lc  interrupt.o [4]
g_pui32EnRegs                0x1b1c    0x14  Data  Lc  interrupt.o [4]
g_pui32GPIOBaseAddrs         0x2a34    0x90  Data  Lc  gpio.o [4]
g_pui32VCOFrequencies        0x1efc     0x8  Data  Lc  sysctl.o [4]
g_pui32Xtals                 0x2cd0    0x6c  Data  Lc  sysctl.o [4]
g_sXTALtoMEMTIM              0x2ddc    0x30  Data  Lc  sysctl.o [4]
g_ui32Base              0x2000'18b8     0x4  Data  Lc  uartstdio.o [1]
g_ui32PortNum           0x2000'18bc     0x4  Data  Lc  uartstdio.o [1]
g_ui32UARTBase               0x2fd0     0xc  Data  Lc  uartstdio.o [1]
g_ui32UARTInt                0x2fdc     0xc  Data  Lc  uartstdio.o [1]
g_ui32UARTPeriph             0x2fe8     0xc  Data  Lc  uartstdio.o [1]
g_ui32UARTRxReadIndex   0x2000'18b4     0x4  Data  Lc  uartstdio.o [1]
g_ui32UARTRxWriteIndex  0x2000'18b0     0x4  Data  Lc  uartstdio.o [1]
g_ui32UARTTxReadIndex   0x2000'18ac     0x4  Data  Lc  uartstdio.o [1]
g_ui32UARTTxWriteIndex  0x2000'18a8     0x4  Data  Lc  uartstdio.o [1]
main                         0x27bb    0x22  Code  Gb  main.o [1]
messageQueueElevadores  0x2000'187c     0xc  Data  Gb  comandos.o [1]
osDelay                      0x2825    0x38  Code  Gb  rtx_delay.o [2]
osKernelGetState             0x210d    0x40  Code  Gb  rtx_kernel.o [2]
osKernelInitialize           0x20d5    0x38  Code  Gb  rtx_kernel.o [2]
osKernelStart                0x214d    0x34  Code  Gb  rtx_kernel.o [2]
osMessageQueueGet            0x1371    0x90  Code  Gb  rtx_msgqueue.o [2]
osMessageQueueNew            0x1299    0x3e  Code  Gb  rtx_msgqueue.o [2]
osMessageQueuePut            0x12d9    0x98  Code  Gb  rtx_msgqueue.o [2]
osRtxConfig                  0x2d3c    0x68  Data  Gb  rtx_lib.o [1]
osRtxErrorNotify              0xd97    0x20  Code  Wk  RTX_Config.o [1]
osRtxIdleThread               0xce7     0x2  Code  Wk  RTX_Config.o [1]
osRtxInfo               0x2000'0008    0xa4  Data  Gb  rtx_kernel.o [2]
osRtxKernelPreInit           0x226b     0x2  Code  Gb  rtx_lib.o [1]
osRtxMemoryAlloc              0xc65    0x82  Code  Wk  rtx_memory.o [2]
osRtxMemoryFree               0xcf1    0x4a  Code  Wk  rtx_memory.o [2]
osRtxMemoryInit              0x21ab    0x44  Code  Wk  rtx_memory.o [2]
osRtxMemoryPoolAlloc          0xbc9    0x44  Code  Gb  rtx_mempool.o [2]
osRtxMemoryPoolFree           0xc0d    0x56  Code  Gb  rtx_mempool.o [2]
osRtxMemoryPoolInit           0xb7d    0x4a  Code  Gb  rtx_mempool.o [2]
osRtxMessageQueuePostProcess
                              0xe9f    0xe6  Code  Lc  rtx_msgqueue.o [2]
osRtxMutexOwnerRelease        0xd3d    0x52  Code  Gb  rtx_mutex.o [2]
osRtxPendSV_Handler          0x1545    0x8a  Code  Gb  rtx_system.o [2]
osRtxPostProcess             0x15d1    0x6e  Code  Gb  rtx_system.o [2]
osRtxThreadBlock              0x629    0x34  Code  Lc  rtx_thread.o [2]
osRtxThreadDelayInsert        0x481    0x62  Code  Lc  rtx_thread.o [2]
osRtxThreadDelayRemove        0x4e3    0x44  Code  Lc  rtx_thread.o [2]
osRtxThreadDelayTick          0x527    0xee  Code  Gb  rtx_thread.o [2]
osRtxThreadDispatch           0x679    0x54  Code  Gb  rtx_thread.o [2]
osRtxThreadFree               0x967    0x56  Code  Lc  rtx_thread.o [2]
osRtxThreadListGet            0x44f    0x14  Code  Gb  rtx_thread.o [2]
osRtxThreadListPut            0x42d    0x22  Code  Gb  rtx_thread.o [2]
osRtxThreadListRemove         0x463    0x16  Code  Gb  rtx_thread.o [2]
osRtxThreadPostProcess        0x741    0x54  Code  Lc  rtx_thread.o [2]
osRtxThreadReadyPut           0x479     0x8  Code  Gb  rtx_thread.o [2]
osRtxThreadRegPtr             0x615    0x14  Code  Gb  rtx_thread.o [2]
osRtxThreadStartup            0xa51    0x30  Code  Gb  rtx_thread.o [2]
osRtxThreadSwitch             0x65d    0x1c  Code  Gb  rtx_thread.o [2]
osRtxThreadWaitEnter          0x707    0x3a  Code  Gb  rtx_thread.o [2]
osRtxThreadWaitExit           0x6d3    0x2e  Code  Gb  rtx_thread.o [2]
osRtxTick_Handler            0x14d5    0x6e  Code  Gb  rtx_system.o [2]
osRtxTimerThread             0x2929    0x44  Code  Wk  rtx_timer.o [2]
osRtxTimerTick               0x28d1    0x54  Code  Lc  rtx_timer.o [2]
osRtxUserSVC                 0x3000     0x4  Data  Wk  rtx_lib.o [1]
osThreadExit                  0xacd    0x16  Code  Gb  rtx_thread.o [2]
osThreadNew                   0xa85    0x40  Code  Gb  rtx_thread.o [2]
os_idle_thread_attr          0x2e34    0x24  Data  Lc  rtx_lib.o [1]
os_idle_thread_cb       0x2000'1780    0x44  Data  Lc  rtx_lib.o [1]
os_idle_thread_stack    0x2000'14b0   0x100  Data  Lc  rtx_lib.o [1]
os_isr_queue            0x2000'1808    0x40  Data  Lc  rtx_lib.o [1]
os_mem                  0x2000'00b0  0x1000  Data  Lc  rtx_lib.o [1]
os_timer_mq_attr             0x2f78    0x18  Data  Lc  rtx_lib.o [1]
os_timer_mq_cb          0x2000'1848    0x34  Data  Lc  rtx_lib.o [1]
os_timer_mq_data        0x2000'1730    0x50  Data  Lc  rtx_lib.o [1]
os_timer_thread_attr         0x2e58    0x24  Data  Lc  rtx_lib.o [1]
os_timer_thread_cb      0x2000'17c4    0x44  Data  Lc  rtx_lib.o [1]
os_timer_thread_stack   0x2000'15b0   0x100  Data  Lc  rtx_lib.o [1]
out                          0x25b1    0x18  Code  Lc  xprintftiny.o [3]
printf                       0x2b49    0x28  Code  Gb  printf.o [3]
putchar                      0x2ec1    0x20  Code  Gb  putchar.o [3]
saida                   0x2000'189c     0x8  Data  Gb  comandos.o [1]
strcat                       0x2b89    0x1e  Code  Gb  strcat.o [3]
strcpy                       0x2b71          Code  Gb  strcpy.o [5]
strlen                       0x26e5          Code  Gb  strlen.o [5]
svcRtxDelay                  0x2801    0x24  Code  Lc  rtx_delay.o [2]
svcRtxKernelGetState         0x202b    0x12  Code  Lc  rtx_kernel.o [2]
svcRtxKernelInitialize       0x1f15   0x116  Code  Lc  rtx_kernel.o [2]
svcRtxKernelStart            0x203d    0x96  Code  Lc  rtx_kernel.o [2]
svcRtxMessageQueueGet        0x1189    0xe8  Code  Lc  rtx_msgqueue.o [2]
svcRtxMessageQueueNew         0xf85   0x130  Code  Lc  rtx_msgqueue.o [2]
svcRtxMessageQueuePut        0x10b5    0xd4  Code  Lc  rtx_msgqueue.o [2]
svcRtxThreadExit              0x9bd    0x8e  Code  Lc  rtx_thread.o [2]
svcRtxThreadNew               0x795   0x1cc  Code  Lc  rtx_thread.o [2]
threadComandos               0x2cb1    0x14  Code  Gb  comandos.o [1]
threadComandosId        0x2000'18a4     0x4  Data  Gb  comandos.o [1]
threadElevador               0x2ac5    0x34  Code  Gb  elevador.o [1]
threadElevadorIds       0x2000'1888     0xc  Data  Gb  elevador.o [1]
ttio_guard              0x2000'18c3     0x1  Data  Lc  XShttio.o [3]


[1] = C:\Users\rodri\Desktop\S11_G01_2019.2\Lab3\Projects\s11_g01_lab3\ewarm\Obj
[2] = RTX_CM.a
[3] = dl7M_tln.a
[4] = driverlib.a
[5] = rt7M_tl.a
[6] = shb_l.a

  11'262 bytes of readonly  code memory
   1'045 bytes of readonly  data memory
  39'112 bytes of readwrite data memory

Errors: none
Warnings: none
