###############################################################################
#
# IAR ELF Linker V8.40.2.214/W32 for ARM                  03/Dec/2019  20:39:35
# Copyright 2007-2019 IAR Systems AB.
#
#    Output file  =
#        C:\Users\Giovanni\Documents\eclipse-workspace\S11_G01_2019.2_Giovanni\Projects\sinalizador\ewarm\Exe\sinalizador.out
#    Map file     =
#        C:\Users\Giovanni\Documents\eclipse-workspace\S11_G01_2019.2_Giovanni\Projects\sinalizador\ewarm\List\sinalizador.map
#    Command line =
#        -f C:\Users\Giovanni\AppData\Local\Temp\EWD517.tmp
#        (C:\Users\Giovanni\Documents\eclipse-workspace\S11_G01_2019.2_Giovanni\Projects\sinalizador\ewarm\Obj\driverleds.o
#        C:\Users\Giovanni\Documents\eclipse-workspace\S11_G01_2019.2_Giovanni\TivaWare_C_Series-2.1.4.178\driverlib\ewarm\Exe\driverlib.a
#        C:\Users\Giovanni\Documents\eclipse-workspace\S11_G01_2019.2_Giovanni\CMSIS-5.6.0\CMSIS\RTOS2\RTX\Library\IAR\IDE\CM4F\Exe\RTX_CM.a
#        C:\Users\Giovanni\Documents\eclipse-workspace\S11_G01_2019.2_Giovanni\Projects\sinalizador\ewarm\Obj\RTX_Config.o
#        C:\Users\Giovanni\Documents\eclipse-workspace\S11_G01_2019.2_Giovanni\Projects\sinalizador\ewarm\Obj\rtx_lib.o
#        C:\Users\Giovanni\Documents\eclipse-workspace\S11_G01_2019.2_Giovanni\Projects\sinalizador\ewarm\Obj\sinalizador.o
#        C:\Users\Giovanni\Documents\eclipse-workspace\S11_G01_2019.2_Giovanni\Projects\sinalizador\ewarm\Obj\startup_TM4C1294.o
#        C:\Users\Giovanni\Documents\eclipse-workspace\S11_G01_2019.2_Giovanni\Projects\sinalizador\ewarm\Obj\system_TM4C1294_TW.o
#        --no_out_extension -o
#        C:\Users\Giovanni\Documents\eclipse-workspace\S11_G01_2019.2_Giovanni\Projects\sinalizador\ewarm\Exe\sinalizador.out
#        --map
#        C:\Users\Giovanni\Documents\eclipse-workspace\S11_G01_2019.2_Giovanni\Projects\sinalizador\ewarm\List\sinalizador.map
#        --config "C:\Program Files (x86)\IAR Systems\Embedded Workbench
#        8.3\arm\config\linker\TexasInstruments\TM4C1294NC.icf" --semihosting
#        --entry __iar_program_start --vfe --text_out locale)
#
###############################################################################

*******************************************************************************
*** RUNTIME MODEL ATTRIBUTES
***

CppFlavor       = *
__SystemLibrary = DLib
__dlib_version  = 6


*******************************************************************************
*** HEAP SELECTION
***

The basic heap was selected because some modules are built with
size limitations (and not runtime checking), and --advanced_heap
was not specified.


*******************************************************************************
*** PLACEMENT SUMMARY
***

"A0":  place at address 0x0 { ro section .intvec };
"P1":  place in [from 0x0 to 0xf'ffff] { ro };
define block CSTACK with size = 32K, alignment = 8 { };
define block HEAP with size = 64K, alignment = 8 { };
"P2":  place in [from 0x2000'0000 to 0x2003'ffff] {
          rw, block CSTACK, block HEAP };
initialize by copy { rw };

  Section               Kind         Address    Size  Object
  -------               ----         -------    ----  ------
"A0":                                          0x3c0
  .intvec               ro code          0x0   0x3c0  startup_TM4C1294.o [1]
                                     - 0x3c0   0x3c0

"P1":                                         0x24d9
  .text                 ro code        0x3c0   0x9d0  rtx_thread.o [2]
  .text                 ro code        0xd90     0x2  rtx_evr.o [2]
  .text                 ro code        0xd92     0x2  rtx_evr.o [2]
  .text                 ro code        0xd94     0x2  rtx_evr.o [2]
  .text                 ro code        0xd96     0x2  rtx_evr.o [2]
  .text                 ro code        0xd98     0x2  rtx_evr.o [2]
  .text                 ro code        0xd9a     0x2  rtx_evr.o [2]
  .text                 ro code        0xd9c     0x2  rtx_evr.o [2]
  .text                 ro code        0xd9e     0x2  rtx_evr.o [2]
  .text                 ro code        0xda0     0x2  rtx_evr.o [2]
  .text                 ro code        0xda2     0x2  rtx_evr.o [2]
  .text                 ro code        0xda4     0x2  rtx_evr.o [2]
  .text                 ro code        0xda6     0x2  rtx_evr.o [2]
  .text                 ro code        0xda8     0x2  rtx_evr.o [2]
  .text                 ro code        0xdaa    0x3a  zero_init3.o [5]
  .text                 ro code        0xde4    0xe6  rtx_mempool.o [2]
  .text                 ro code        0xeca     0x2  rtx_evr.o [2]
  .text                 ro code        0xecc    0x82  rtx_memory.o [2]
  .text                 ro code        0xf4e     0x2  RTX_Config.o [1]
  .text                 ro code        0xf50     0x6  ABImemclr4.o [5]
  .text                 ro code        0xf56     0x2  rtx_evr.o [2]
  .text                 ro code        0xf58    0x4a  rtx_memory.o [2]
  .text                 ro code        0xfa2     0x2  startup_TM4C1294.o [1]
  .text                 ro code        0xfa4    0x52  rtx_mutex.o [2]
  .text                 ro code        0xff6     0x2  rtx_evr.o [2]
  .text                 ro code        0xff8     0x2  rtx_evr.o [2]
  .text                 ro code        0xffa     0x2  rtx_evr.o [2]
  .text                 ro code        0xffc     0x2  rtx_evr.o [2]
  .text                 ro code        0xffe     0x2  rtx_evr.o [2]
  .text                 ro code       0x1000     0x2  rtx_evr.o [2]
  .text                 ro code       0x1002     0x2  rtx_evr.o [2]
  .text                 ro code       0x1004     0x2  rtx_evr.o [2]
  .text                 ro code       0x1006     0x2  rtx_evr.o [2]
  .text                 ro code       0x1008   0x174  rtx_system.o [2]
  .text                 ro code       0x117c     0x2  rtx_evr.o [2]
  .text                 ro code       0x117e     0x2  RTX_Config.o [1]
  .text                 ro code       0x1180     0x2  rtx_evr.o [2]
  .text                 ro code       0x1182     0x2  rtx_evr.o [2]
  .text                 ro code       0x1184     0x2  rtx_evr.o [2]
  .text                 ro code       0x1186     0x2  rtx_evr.o [2]
  .text                 ro code       0x1188    0x32  ABImemset48.o [5]
  .text                 ro code       0x11ba     0x2  rtx_evr.o [2]
  .text                 ro code       0x11bc     0x2  rtx_evr.o [2]
  .text                 ro code       0x11be     0x2  rtx_evr.o [2]
  .text                 ro code       0x11c0     0xc  os_systick.o [2]
  .text                 ro code       0x11cc   0x61c  rtx_msgqueue.o [2]
  .text                 ro code       0x17e8    0xa6  ABImemcpy.o [5]
  .text                 ro code       0x188e     0x2  rtx_evr.o [2]
  .text                 ro code       0x1890     0x2  rtx_evr.o [2]
  .text                 ro code       0x1892     0x2  rtx_evr.o [2]
  .text                 ro code       0x1894     0x6  ABImemclr.o [5]
  .text                 ro code       0x189a     0x2  rtx_evr.o [2]
  .text                 ro code       0x189c     0x2  rtx_evr.o [2]
  .text                 ro code       0x189e     0x2  rtx_evr.o [2]
  .text                 ro code       0x18a0     0x2  rtx_evr.o [2]
  .text                 ro code       0x18a2     0x2  rtx_evr.o [2]
  .text                 ro code       0x18a4     0x2  rtx_evr.o [2]
  .text                 ro code       0x18a6     0x2  rtx_evr.o [2]
  .text                 ro code       0x18a8     0x2  rtx_evr.o [2]
  .text                 ro code       0x18aa     0x2  rtx_evr.o [2]
  .text                 ro code       0x18ac    0x5e  ABImemset.o [5]
  .text                 ro code       0x190c   0x2c8  rtx_kernel.o [2]
  .text                 ro code       0x1bd4     0x2  rtx_evr.o [2]
  .text                 ro code       0x1bd6    0x44  rtx_memory.o [2]
  .text                 ro code       0x1c1a     0x2  rtx_evr.o [2]
  .text                 ro code       0x1c1c     0x2  rtx_evr.o [2]
  .text                 ro code       0x1c20    0x40  os_systick.o [2]
  .text                 ro code       0x1c60     0x6  os_systick.o [2]
  .text                 ro code       0x1c68    0x2c  os_systick.o [2]
  .text                 ro code       0x1c94     0x2  rtx_evr.o [2]
  .text                 ro code       0x1c96     0x2  rtx_lib.o [1]
  .text                 ro code       0x1c98     0x2  rtx_evr.o [2]
  .text                 ro code       0x1c9a     0x2  rtx_evr.o [2]
  .text                 ro code       0x1c9c     0x2  rtx_evr.o [2]
  .text                 ro code       0x1c9e     0x2  rtx_evr.o [2]
  .text                 ro code       0x1ca0   0x29c  sysctl.o [4]
  .rodata               const         0x1f3c   0x1b0  sysctl.o [4]
  .text                 ro code       0x20ec   0x14e  gpio.o [4]
  .text                 ro code       0x223c   0x134  driverleds.o [1]
  .text                 ro code       0x2370    0xd4  rtx_timer.o [2]
  .text                 ro code       0x2444     0x2  rtx_evr.o [2]
  .text                 ro code       0x2448    0xc4  irq_cm4f.o [2]
  .text                 ro code       0x250c    0x80  sinalizador.o [1]
  .text                 ro code       0x258c    0x7c  rtx_delay.o [2]
  .text                 ro code       0x2608    0x2c  system_TM4C1294_TW.o [1]
  .text                 ro code       0x2634     0x2  rtx_evr.o [2]
  .text                 ro code       0x2636     0x2  rtx_evr.o [2]
  .text                 ro code       0x2638     0x2  rtx_evr.o [2]
  .rodata               const         0x263c    0x6c  sysctl.o [4]
  .rodata               const         0x26a8    0x68  rtx_lib.o [1]
  .text                 ro code       0x2710    0x38  packbits_init_single.o [5]
  .rodata               const         0x2748    0x30  sysctl.o [4]
  .text                 ro code       0x2778    0x28  data_init.o [5]
  .rodata               const         0x27a0    0x24  rtx_lib.o [1]
  .rodata               const         0x27c4    0x24  rtx_lib.o [1]
  .iar.init_table       const         0x27e8    0x20  - Linker created -
  .text                 ro code       0x2808    0x1e  cmain.o [5]
  .text                 ro code       0x2826     0x4  low_level_init.o [3]
  .text                 ro code       0x282a     0x4  exit.o [3]
  .text                 ro code       0x2830     0xa  cexit.o [5]
  .text                 ro code       0x283c    0x14  exit.o [6]
  .rodata               const         0x2850    0x18  rtx_lib.o [1]
  .text                 ro code       0x2868    0x14  startup_TM4C1294.o [1]
  .text                 ro code       0x287c     0xc  cstartup_M.o [5]
  .rodata               const         0x2888     0x4  rtx_lib.o [1]
  .rodata               const         0x288c     0x0  zero_init3.o [5]
  .rodata               const         0x288c     0x0  packbits_init_single.o [5]
  Initializer bytes     const         0x288c     0xd  <for P2-1>
                                    - 0x2899  0x24d9

"P2", part 1 of 3:                              0xa4
  P2-1                           0x2000'0000    0xa4  <Init block>
    .data.os            inited   0x2000'0000    0xa4  rtx_kernel.o [2]
                               - 0x2000'00a4    0xa4

"P2", part 2 of 3:                            0x135c
  .bss.os               zero     0x2000'00a8  0x1000  rtx_lib.o [1]
  .bss.os.thread.stack  zero     0x2000'10a8   0x100  rtx_lib.o [1]
  .bss.os.thread.stack  zero     0x2000'11a8   0x100  rtx_lib.o [1]
  .bss.os.msgqueue.mem  zero     0x2000'12a8    0x50  rtx_lib.o [1]
  .bss.os.thread.cb     zero     0x2000'12f8    0x44  rtx_lib.o [1]
  .bss.os.thread.cb     zero     0x2000'133c    0x44  rtx_lib.o [1]
  .bss.os               zero     0x2000'1380    0x40  rtx_lib.o [1]
  .bss.os.msgqueue.cb   zero     0x2000'13c0    0x34  rtx_lib.o [1]
  .bss                  zero     0x2000'13f4     0x8  sinalizador.o [1]
  .bss                  zero     0x2000'13fc     0x1  os_systick.o [2]
                               - 0x2000'13fd  0x1359

"P2", part 3 of 3:                            0x8008
  .noinit               uninit   0x2000'1400     0x4  system_TM4C1294_TW.o [1]
  CSTACK                         0x2000'1408  0x8000  <Block>
    CSTACK              uninit   0x2000'1408  0x8000  <Block tail>
                               - 0x2000'9408  0x8008

Unused ranges:

         From           To      Size
         ----           --      ----
       0x2899     0xf'ffff  0xf'd767
  0x2000'9408  0x2003'ffff  0x3'6bf8


*******************************************************************************
*** INIT TABLE
***

          Address      Size
          -------      ----
Zero (__iar_zero_init3)
    1 destination range, total size 0x1355:
          0x2000'00a8  0x1355

Copy/packbits (__iar_packbits_init_single3)
    1 source range, total size 0xd (7% of destination):
               0x288c     0xd
    1 destination range, total size 0xa4:
          0x2000'0000    0xa4



*******************************************************************************
*** MODULE SUMMARY
***

    Module                  ro code  ro data  rw data
    ------                  -------  -------  -------
command line/config:
    -------------------------------------------------
    Total:

C:\Users\Giovanni\Documents\eclipse-workspace\S11_G01_2019.2_Giovanni\Projects\sinalizador\ewarm\Obj: [1]
    RTX_Config.o                  4
    driverleds.o                308
    rtx_lib.o                     2      204    4'940
    sinalizador.o               128                 8
    startup_TM4C1294.o          982
    system_TM4C1294_TW.o         44                 4
    -------------------------------------------------
    Total:                    1'468      204    4'952

RTX_CM.a: [2]
    irq_cm4f.o                  196
    os_systick.o                126                 1
    rtx_delay.o                 124
    rtx_evr.o                   112
    rtx_kernel.o                712       13      164
    rtx_memory.o                272
    rtx_mempool.o               230
    rtx_msgqueue.o            1'564
    rtx_mutex.o                  82
    rtx_system.o                372
    rtx_thread.o              2'512
    rtx_timer.o                 212
    -------------------------------------------------
    Total:                    6'514       13      165

dl7M_tln.a: [3]
    exit.o                        4
    low_level_init.o              4
    -------------------------------------------------
    Total:                        8

driverlib.a: [4]
    gpio.o                      334
    sysctl.o                    668      588
    -------------------------------------------------
    Total:                    1'002      588

rt7M_tl.a: [5]
    ABImemclr.o                   6
    ABImemclr4.o                  6
    ABImemcpy.o                 166
    ABImemset.o                  94
    ABImemset48.o                50
    cexit.o                      10
    cmain.o                      30
    cstartup_M.o                 12
    data_init.o                  40
    packbits_init_single.o       56
    zero_init3.o                 58
    -------------------------------------------------
    Total:                      528

shb_l.a: [6]
    exit.o                       20
    -------------------------------------------------
    Total:                       20

    Gaps                         14        2        4
    Linker created                        32   32'768
-----------------------------------------------------
    Grand Total:              9'554      839   37'889


*******************************************************************************
*** ENTRY LIST
***

Entry                       Address    Size  Type      Object
-----                       -------    ----  ----      ------
.iar.init_table$$Base        0x27e8           --   Gb  - Linker created -
.iar.init_table$$Limit       0x2808           --   Gb  - Linker created -
?main                        0x2809          Code  Gb  cmain.o [5]
AcionaLED                    0x250d    0x1e  Code  Gb  sinalizador.o [1]
AcionaLED_id            0x2000'13f4     0x4  Data  Gb  sinalizador.o [1]
CSTACK$$Base            0x2000'1408           --   Gb  - Linker created -
CSTACK$$Limit           0x2000'9408           --   Gb  - Linker created -
EvrRtxDelayCompleted          0xd91     0x2  Code  Wk  rtx_evr.o [2]
EvrRtxDelayError             0x2635     0x2  Code  Wk  rtx_evr.o [2]
EvrRtxDelayUntil             0x2639     0x2  Code  Wk  rtx_evr.o [2]
EvrRtxDelayUntilStarted
                             0x2637     0x2  Code  Wk  rtx_evr.o [2]
EvrRtxEventFlagsWaitTimeout
                              0xd95     0x2  Code  Wk  rtx_evr.o [2]
EvrRtxKernelError            0x1bd5     0x2  Code  Wk  rtx_evr.o [2]
EvrRtxKernelGetState         0x1c1d     0x2  Code  Wk  rtx_evr.o [2]
EvrRtxKernelGetTickCount
                             0x1c9d     0x2  Code  Wk  rtx_evr.o [2]
EvrRtxKernelInitialize       0x1c99     0x2  Code  Wk  rtx_evr.o [2]
EvrRtxKernelInitialized
                             0x1c1b     0x2  Code  Wk  rtx_evr.o [2]
EvrRtxKernelStart            0x1c9b     0x2  Code  Wk  rtx_evr.o [2]
EvrRtxKernelStarted          0x1c95     0x2  Code  Wk  rtx_evr.o [2]
EvrRtxMemoryAlloc            0x1187     0x2  Code  Wk  rtx_evr.o [2]
EvrRtxMemoryBlockAlloc       0x1183     0x2  Code  Wk  rtx_evr.o [2]
EvrRtxMemoryBlockFree        0x1185     0x2  Code  Wk  rtx_evr.o [2]
EvrRtxMemoryBlockInit        0x1181     0x2  Code  Wk  rtx_evr.o [2]
EvrRtxMemoryFree             0x11bb     0x2  Code  Wk  rtx_evr.o [2]
EvrRtxMemoryInit             0x1c9f     0x2  Code  Wk  rtx_evr.o [2]
EvrRtxMemoryPoolAllocTimeout
                              0xd9b     0x2  Code  Wk  rtx_evr.o [2]
EvrRtxMessageQueueCreated
                             0x189b     0x2  Code  Wk  rtx_evr.o [2]
EvrRtxMessageQueueError
                             0x1893     0x2  Code  Wk  rtx_evr.o [2]
EvrRtxMessageQueueGet        0x18ab     0x2  Code  Wk  rtx_evr.o [2]
EvrRtxMessageQueueGetPending
                             0x18a1     0x2  Code  Wk  rtx_evr.o [2]
EvrRtxMessageQueueGetTimeout
                              0xd9d     0x2  Code  Wk  rtx_evr.o [2]
EvrRtxMessageQueueInsertPending
                             0x18a9     0x2  Code  Wk  rtx_evr.o [2]
EvrRtxMessageQueueInserted
                             0x188f     0x2  Code  Wk  rtx_evr.o [2]
EvrRtxMessageQueueNew        0x18a5     0x2  Code  Wk  rtx_evr.o [2]
EvrRtxMessageQueueNotInserted
                             0x189f     0x2  Code  Wk  rtx_evr.o [2]
EvrRtxMessageQueueNotRetrieved
                             0x18a3     0x2  Code  Wk  rtx_evr.o [2]
EvrRtxMessageQueuePut        0x18a7     0x2  Code  Wk  rtx_evr.o [2]
EvrRtxMessageQueuePutPending
                             0x189d     0x2  Code  Wk  rtx_evr.o [2]
EvrRtxMessageQueuePutTimeout
                              0xd9f     0x2  Code  Wk  rtx_evr.o [2]
EvrRtxMessageQueueRetrieved
                             0x1891     0x2  Code  Wk  rtx_evr.o [2]
EvrRtxMutexAcquireTimeout
                              0xd97     0x2  Code  Wk  rtx_evr.o [2]
EvrRtxMutexAcquired          0x11bf     0x2  Code  Wk  rtx_evr.o [2]
EvrRtxMutexReleased          0x11bd     0x2  Code  Wk  rtx_evr.o [2]
EvrRtxSemaphoreAcquireTimeout
                              0xd99     0x2  Code  Wk  rtx_evr.o [2]
EvrRtxThreadBlocked           0xda7     0x2  Code  Wk  rtx_evr.o [2]
EvrRtxThreadCreated           0xf57     0x2  Code  Wk  rtx_evr.o [2]
EvrRtxThreadDestroyed         0xff9     0x2  Code  Wk  rtx_evr.o [2]
EvrRtxThreadError             0xecb     0x2  Code  Wk  rtx_evr.o [2]
EvrRtxThreadExit             0x1005     0x2  Code  Wk  rtx_evr.o [2]
EvrRtxThreadFlagsError        0xffb     0x2  Code  Wk  rtx_evr.o [2]
EvrRtxThreadFlagsSet         0x1007     0x2  Code  Wk  rtx_evr.o [2]
EvrRtxThreadFlagsSetDone
                              0xffd     0x2  Code  Wk  rtx_evr.o [2]
EvrRtxThreadFlagsWait        0x117d     0x2  Code  Wk  rtx_evr.o [2]
EvrRtxThreadFlagsWaitCompleted
                              0xda9     0x2  Code  Wk  rtx_evr.o [2]
EvrRtxThreadFlagsWaitNotCompleted
                             0x1001     0x2  Code  Wk  rtx_evr.o [2]
EvrRtxThreadFlagsWaitPending
                              0xfff     0x2  Code  Wk  rtx_evr.o [2]
EvrRtxThreadFlagsWaitTimeout
                              0xd93     0x2  Code  Wk  rtx_evr.o [2]
EvrRtxThreadJoined            0xff7     0x2  Code  Wk  rtx_evr.o [2]
EvrRtxThreadNew              0x1003     0x2  Code  Wk  rtx_evr.o [2]
EvrRtxThreadPreempted         0xda3     0x2  Code  Wk  rtx_evr.o [2]
EvrRtxThreadSwitched          0xda5     0x2  Code  Wk  rtx_evr.o [2]
EvrRtxThreadUnblocked         0xda1     0x2  Code  Wk  rtx_evr.o [2]
EvrRtxTimerCallback          0x2445     0x2  Code  Wk  rtx_evr.o [2]
GPIODirModeSet               0x20ed    0x28  Code  Gb  gpio.o [4]
GPIOPadConfigSet             0x2115   0x102  Code  Gb  gpio.o [4]
GPIOPinTypeGPIOOutput        0x221f     0xa  Code  Gb  gpio.o [4]
GPIOPinWrite                 0x2217     0x8  Code  Gb  gpio.o [4]
LEDInit                      0x223d    0xac  Code  Gb  driverleds.o [1]
LEDWrite                     0x2307    0x58  Code  Gb  driverleds.o [1]
MessageQueueGet              0x1219    0x40  Code  Lc  rtx_msgqueue.o [2]
MessageQueuePut              0x11cd    0x4a  Code  Lc  rtx_msgqueue.o [2]
MessageQueueRemove           0x1259    0x1a  Code  Lc  rtx_msgqueue.o [2]
OS_Tick_AcknowledgeIRQ       0x11c1     0xc  Code  Wk  os_systick.o [2]
OS_Tick_Enable               0x1c69    0x2c  Code  Wk  os_systick.o [2]
OS_Tick_GetIRQn              0x1c61     0x6  Code  Wk  os_systick.o [2]
OS_Tick_Setup                0x1c21    0x40  Code  Wk  os_systick.o [2]
PendST                  0x2000'13fc     0x1  Data  Lc  os_systick.o [2]
PendSV_Handler               0x24e1          Code  Gb  irq_cm4f.o [2]
Region$$Table$$Base          0x27e8           --   Gb  - Linker created -
Region$$Table$$Limit         0x2808           --   Gb  - Linker created -
SVC_Handler                  0x2449          Code  Gb  irq_cm4f.o [2]
SysCtlClockFreqSet           0x1d01   0x1fc  Code  Gb  sysctl.o [4]
SysCtlPeripheralEnable       0x1ce3     0x8  Code  Gb  sysctl.o [4]
SysCtlPeripheralReady        0x1cc1     0x8  Code  Gb  sysctl.o [4]
SysTick_Handler              0x24f1          Code  Gb  irq_cm4f.o [2]
SystemCoreClock         0x2000'1400     0x4  Data  Gb  system_TM4C1294_TW.o [1]
SystemInit                   0x2609    0x1a  Code  Gb  system_TM4C1294_TW.o [1]
Temporiza                    0x252b    0x1c  Code  Gb  sinalizador.o [1]
Temporiza_id            0x2000'13f8     0x4  Data  Gb  sinalizador.o [1]
ThreadFlagsCheck              0x3c1    0x6c  Code  Lc  rtx_thread.o [2]
TimerInsert                  0x2371    0x38  Code  Lc  rtx_timer.o [2]
_SysCtlMemTimingGet          0x1ca1    0x20  Code  Lc  sysctl.o [4]
__Vectors                       0x0           --   Gb  startup_TM4C1294.o [1]
__Vectors_End                 0x3c0          Data  Gb  startup_TM4C1294.o [1]
__Vectors_Size {Abs}          0x3c0           --   Gb  startup_TM4C1294.o [1]
__aeabi_memclr               0x1895          Code  Gb  ABImemclr.o [5]
__aeabi_memclr4               0xf51          Code  Gb  ABImemclr4.o [5]
__aeabi_memcpy               0x17e9          Code  Gb  ABImemcpy.o [5]
__aeabi_memcpy4              0x1809          Code  Gb  ABImemcpy.o [5]
__aeabi_memcpy8              0x1809          Code  Gb  ABImemcpy.o [5]
__cmain                      0x2809          Code  Gb  cmain.o [5]
__exit                       0x283d    0x14  Code  Gb  exit.o [6]
__iar_Memset4_word           0x1189          Code  Gb  ABImemset48.o [5]
__iar_Memset8_word           0x1189          Code  Gb  ABImemset48.o [5]
__iar_Memset_word            0x18ad          Code  Gb  ABImemset.o [5]
__iar_data_init3             0x2779    0x28  Code  Gb  data_init.o [5]
__iar_init_vfp               0x2871          Code  Wk  startup_TM4C1294.o [1]
__iar_packbits_init_single3
                             0x2711    0x38  Code  Gb  packbits_init_single.o [5]
__iar_program_start          0x287d          Code  Gb  cstartup_M.o [5]
__iar_zero_init3              0xdab    0x3a  Code  Gb  zero_init3.o [5]
__low_level_init             0x2827     0x4  Code  Gb  low_level_init.o [3]
__vector_table                  0x0          Data  Gb  startup_TM4C1294.o [1]
__vector_table_0x1c            0x1c          Data  Gb  startup_TM4C1294.o [1]
_call_main                   0x2815          Code  Gb  cmain.o [5]
_exit                        0x2831          Code  Gb  cexit.o [5]
_main                        0x2823          Code  Gb  cmain.o [5]
exit                         0x282b     0x4  Code  Gb  exit.o [3]
g_pppui32XTALtoVCO           0x1f3c   0x1b0  Data  Lc  sysctl.o [4]
g_pui32VCOFrequencies        0x1f34     0x8  Data  Lc  sysctl.o [4]
g_pui32Xtals                 0x263c    0x6c  Data  Lc  sysctl.o [4]
g_sXTALtoMEMTIM              0x2748    0x30  Data  Lc  sysctl.o [4]
main                         0x2547    0x38  Code  Gb  sinalizador.o [1]
osDelayUntil                 0x25c9    0x38  Code  Gb  rtx_delay.o [2]
osKernelGetState             0x1b09    0x40  Code  Gb  rtx_kernel.o [2]
osKernelGetTickCount         0x1b7d    0x20  Code  Gb  rtx_kernel.o [2]
osKernelInitialize           0x1ad1    0x38  Code  Gb  rtx_kernel.o [2]
osKernelStart                0x1b49    0x34  Code  Gb  rtx_kernel.o [2]
osMessageQueueGet            0x1745    0x90  Code  Gb  rtx_msgqueue.o [2]
osMessageQueueNew            0x166d    0x3e  Code  Gb  rtx_msgqueue.o [2]
osMessageQueuePut            0x16ad    0x98  Code  Gb  rtx_msgqueue.o [2]
osRtxConfig                  0x26a8    0x68  Data  Gb  rtx_lib.o [1]
osRtxErrorNotify             0x117f     0x2  Code  Wk  RTX_Config.o [1]
osRtxIdleThread               0xf4f     0x2  Code  Wk  RTX_Config.o [1]
osRtxInfo               0x2000'0000    0xa4  Data  Gb  rtx_kernel.o [2]
osRtxKernelPreInit           0x1c97     0x2  Code  Gb  rtx_lib.o [1]
osRtxMemoryAlloc              0xecd    0x82  Code  Wk  rtx_memory.o [2]
osRtxMemoryFree               0xf59    0x4a  Code  Wk  rtx_memory.o [2]
osRtxMemoryInit              0x1bd7    0x44  Code  Wk  rtx_memory.o [2]
osRtxMemoryPoolAlloc          0xe31    0x44  Code  Gb  rtx_mempool.o [2]
osRtxMemoryPoolFree           0xe75    0x56  Code  Gb  rtx_mempool.o [2]
osRtxMemoryPoolInit           0xde5    0x4a  Code  Gb  rtx_mempool.o [2]
osRtxMessageQueuePostProcess
                             0x1273    0xe6  Code  Lc  rtx_msgqueue.o [2]
osRtxMutexOwnerRelease        0xfa5    0x52  Code  Gb  rtx_mutex.o [2]
osRtxPendSV_Handler          0x1079    0x8a  Code  Gb  rtx_system.o [2]
osRtxPostProcess             0x1105    0x6e  Code  Gb  rtx_system.o [2]
osRtxThreadBlock              0x629    0x34  Code  Lc  rtx_thread.o [2]
osRtxThreadDelayInsert        0x481    0x62  Code  Lc  rtx_thread.o [2]
osRtxThreadDelayRemove        0x4e3    0x44  Code  Lc  rtx_thread.o [2]
osRtxThreadDelayTick          0x527    0xee  Code  Gb  rtx_thread.o [2]
osRtxThreadDispatch           0x679    0x54  Code  Gb  rtx_thread.o [2]
osRtxThreadFree               0x967    0x56  Code  Lc  rtx_thread.o [2]
osRtxThreadListGet            0x44f    0x14  Code  Gb  rtx_thread.o [2]
osRtxThreadListPut            0x42d    0x22  Code  Gb  rtx_thread.o [2]
osRtxThreadListRemove         0x463    0x16  Code  Gb  rtx_thread.o [2]
osRtxThreadPostProcess        0x741    0x54  Code  Lc  rtx_thread.o [2]
osRtxThreadReadyPut           0x479     0x8  Code  Gb  rtx_thread.o [2]
osRtxThreadRegPtr             0x615    0x14  Code  Gb  rtx_thread.o [2]
osRtxThreadStartup            0xbf3    0x30  Code  Gb  rtx_thread.o [2]
osRtxThreadSwitch             0x65d    0x1c  Code  Gb  rtx_thread.o [2]
osRtxThreadWaitEnter          0x707    0x3a  Code  Gb  rtx_thread.o [2]
osRtxThreadWaitExit           0x6d3    0x2e  Code  Gb  rtx_thread.o [2]
osRtxTick_Handler            0x1009    0x6e  Code  Gb  rtx_system.o [2]
osRtxTimerThread             0x2401    0x44  Code  Wk  rtx_timer.o [2]
osRtxTimerTick               0x23a9    0x54  Code  Lc  rtx_timer.o [2]
osRtxUserSVC                 0x2888     0x4  Data  Wk  rtx_lib.o [1]
osThreadExit                  0xc6d    0x16  Code  Gb  rtx_thread.o [2]
osThreadFlagsSet              0xc91    0x7a  Code  Gb  rtx_thread.o [2]
osThreadFlagsWait             0xd0d    0x42  Code  Gb  rtx_thread.o [2]
osThreadNew                   0xc25    0x40  Code  Gb  rtx_thread.o [2]
os_idle_thread_attr          0x27a0    0x24  Data  Lc  rtx_lib.o [1]
os_idle_thread_cb       0x2000'12f8    0x44  Data  Lc  rtx_lib.o [1]
os_idle_thread_stack    0x2000'10a8   0x100  Data  Lc  rtx_lib.o [1]
os_isr_queue            0x2000'1380    0x40  Data  Lc  rtx_lib.o [1]
os_mem                  0x2000'00a8  0x1000  Data  Lc  rtx_lib.o [1]
os_timer_mq_attr             0x2850    0x18  Data  Lc  rtx_lib.o [1]
os_timer_mq_cb          0x2000'13c0    0x34  Data  Lc  rtx_lib.o [1]
os_timer_mq_data        0x2000'12a8    0x50  Data  Lc  rtx_lib.o [1]
os_timer_thread_attr         0x27c4    0x24  Data  Lc  rtx_lib.o [1]
os_timer_thread_cb      0x2000'133c    0x44  Data  Lc  rtx_lib.o [1]
os_timer_thread_stack   0x2000'11a8   0x100  Data  Lc  rtx_lib.o [1]
svcRtxDelayUntil             0x258d    0x3c  Code  Lc  rtx_delay.o [2]
svcRtxKernelGetState         0x1a23    0x12  Code  Lc  rtx_kernel.o [2]
svcRtxKernelGetTickCount
                             0x1acb     0x4  Code  Lc  rtx_kernel.o [2]
svcRtxKernelInitialize       0x190d   0x116  Code  Lc  rtx_kernel.o [2]
svcRtxKernelStart            0x1a35    0x96  Code  Lc  rtx_kernel.o [2]
svcRtxMessageQueueGet        0x155d    0xe8  Code  Lc  rtx_msgqueue.o [2]
svcRtxMessageQueueNew        0x1359   0x130  Code  Lc  rtx_msgqueue.o [2]
svcRtxMessageQueuePut        0x1489    0xd4  Code  Lc  rtx_msgqueue.o [2]
svcRtxThreadExit              0x9bd    0x8e  Code  Lc  rtx_thread.o [2]
svcRtxThreadFlagsSet          0xa4d    0x9c  Code  Lc  rtx_thread.o [2]
svcRtxThreadFlagsWait         0xaed   0x106  Code  Lc  rtx_thread.o [2]
svcRtxThreadNew               0x795   0x1cc  Code  Lc  rtx_thread.o [2]


[1] = C:\Users\Giovanni\Documents\eclipse-workspace\S11_G01_2019.2_Giovanni\Projects\sinalizador\ewarm\Obj
[2] = RTX_CM.a
[3] = dl7M_tln.a
[4] = driverlib.a
[5] = rt7M_tl.a
[6] = shb_l.a

   9'554 bytes of readonly  code memory
     839 bytes of readonly  data memory
  37'889 bytes of readwrite data memory

Errors: none
Warnings: none
