###############################################################################
#
# IAR ELF Linker V8.30.1.114/W32 for ARM                  05/Sep/2019  18:55:19
# Copyright 2007-2018 IAR Systems AB.
#
#    Output file  =  
#        C:\Users\rodri\Desktop\lab0\Projects\meu_projeto\Debug\Exe\meu_projeto.out
#    Map file     =  
#        C:\Users\rodri\Desktop\lab0\Projects\meu_projeto\Debug\List\meu_projeto.map
#    Command line =  
#        -f C:\Users\rodri\AppData\Local\Temp\EW3896.tmp
#        (C:\Users\rodri\Desktop\lab0\TivaWare_C_Series-2.1.4.178\driverlib\ewarm\Exe\driverlib.a
#        C:\Users\rodri\Desktop\lab0\Projects\meu_projeto\Debug\Obj\meu_projeto.o
#        C:\Users\rodri\Desktop\lab0\Projects\meu_projeto\Debug\Obj\startup_TM4C1294.o
#        C:\Users\rodri\Desktop\lab0\Projects\meu_projeto\Debug\Obj\system_TM4C1294_TW.o
#        --no_out_extension -o
#        C:\Users\rodri\Desktop\lab0\Projects\meu_projeto\Debug\Exe\meu_projeto.out
#        --map
#        C:\Users\rodri\Desktop\lab0\Projects\meu_projeto\Debug\List\meu_projeto.map
#        --config "C:\Program Files (x86)\IAR Systems\Embedded Workbench
#        8.1\arm\config\linker\TexasInstruments\TM4C1294NC.icf" --semihosting
#        --entry __iar_program_start --vfe --text_out locale)
#
###############################################################################

*******************************************************************************
*** RUNTIME MODEL ATTRIBUTES
***

CppFlavor       = *
__SystemLibrary = DLib
__dlib_version  = 6


*******************************************************************************
*** HEAP SELECTION
***

The basic heap was selected because some modules are built with
size limitations (and not runtime checking), and --advanced_heap
was not specified.


*******************************************************************************
*** PLACEMENT SUMMARY
***

"A0":  place at 0x0 { ro section .intvec };
"P1":  place in [from 0x0 to 0xf'ffff] { ro };
define block CSTACK with size = 32K, alignment = 8 { };
define block HEAP with size = 64K, alignment = 8 { };
"P2":  place in [from 0x2000'0000 to 0x2003'ffff] {
          rw, block CSTACK, block HEAP };

  Section          Kind         Address    Size  Object
  -------          ----         -------    ----  ------
"A0":                                     0x3c0
  .intvec          ro code          0x0   0x3c0  startup_TM4C1294.o [1]
                                - 0x3c0   0x3c0

"P1":                                     0x83c
  .text            ro code        0x3c0   0x4ec  sysctl.o [3]
  .text            ro code        0x8ac   0x176  gpio.o [3]
  .text            ro code        0xa22    0x3a  zero_init3.o [4]
  .text            ro code        0xa5c    0xd4  meu_projeto.o [1]
  .text            ro code        0xb30    0x2c  system_TM4C1294_TW.o [1]
  .text            ro code        0xb5c    0x28  data_init.o [4]
  .iar.init_table  const          0xb84    0x10  - Linker created -
  .text            ro code        0xb94    0x1e  cmain.o [4]
  .text            ro code        0xbb2     0x4  low_level_init.o [2]
  .text            ro code        0xbb6     0x4  exit.o [2]
  .text            ro code        0xbba     0x2  startup_TM4C1294.o [1]
  .text            ro code        0xbbc     0xa  cexit.o [4]
  .text            ro code        0xbc8    0x14  exit.o [5]
  .text            ro code        0xbdc    0x14  startup_TM4C1294.o [1]
  .text            ro code        0xbf0     0xc  cstartup_M.o [4]
  .rodata          const          0xbfc     0x0  zero_init3.o [4]
                                - 0xbfc   0x83c

"P2", part 1 of 2:                          0xc
  .bss             zero     0x2000'0000     0x4  meu_projeto.o [1]
  .bss             zero     0x2000'0004     0x4  meu_projeto.o [1]
  .bss             zero     0x2000'0008     0x1  meu_projeto.o [1]
  .bss             zero     0x2000'0009     0x1  meu_projeto.o [1]
                          - 0x2000'000a     0xa

"P2", part 2 of 2:                       0x8004
  .noinit          uninit   0x2000'000c     0x4  system_TM4C1294_TW.o [1]
  CSTACK                    0x2000'0010  0x8000  <Block>
    CSTACK         uninit   0x2000'0010  0x8000  <Block tail>
                          - 0x2000'8010  0x8004

Unused ranges:

         From           To      Size
         ----           --      ----
        0xbfc     0xf'ffff  0xf'f404
  0x2000'8010  0x2003'ffff  0x3'7ff0


*******************************************************************************
*** INIT TABLE
***

          Address      Size
          -------      ----
Zero (__iar_zero_init3)
    1 destination range, total size 0xa:
          0x2000'0000   0xa



*******************************************************************************
*** MODULE SUMMARY
***

    Module                ro code  ro data  rw data
    ------                -------  -------  -------
command line/config:
    -----------------------------------------------
    Total:

C:\Users\rodri\Desktop\lab0\Projects\meu_projeto\Debug\Obj: [1]
    meu_projeto.o             212                10
    startup_TM4C1294.o        982
    system_TM4C1294_TW.o       44                 4
    -----------------------------------------------
    Total:                  1 238                14

dl7M_tln.a: [2]
    exit.o                      4
    low_level_init.o            4
    -----------------------------------------------
    Total:                      8

driverlib.a: [3]
    gpio.o                    374
    sysctl.o                1 260
    -----------------------------------------------
    Total:                  1 634

rt7M_tl.a: [4]
    cexit.o                    10
    cmain.o                    30
    cstartup_M.o               12
    data_init.o                40
    zero_init3.o               58
    -----------------------------------------------
    Total:                    150

shb_l.a: [5]
    exit.o                     20
    -----------------------------------------------
    Total:                     20

    Gaps                        2
    Linker created                      16   32 768
---------------------------------------------------
    Grand Total:            3 052       16   32 782


*******************************************************************************
*** ENTRY LIST
***

Entry                       Address   Size  Type      Object
-----                       -------   ----  ----      ------
.iar.init_table$$Base         0xb84          --   Gb  - Linker created -
.iar.init_table$$Limit        0xb94          --   Gb  - Linker created -
?main                         0xb95         Code  Gb  cmain.o [4]
CSTACK$$Base            0x2000'0010          --   Gb  - Linker created -
CSTACK$$Limit           0x2000'8010          --   Gb  - Linker created -
GPIODirModeSet                0x8ad   0x28  Code  Gb  gpio.o [3]
GPIOPadConfigSet              0x8d5  0x102  Code  Gb  gpio.o [3]
GPIOPinRead                   0x9d7    0x8  Code  Gb  gpio.o [3]
GPIOPinTypeGPIOInput          0x9eb   0x14  Code  Gb  gpio.o [3]
GPIOPinTypeGPIOOutput         0x9ff    0xa  Code  Gb  gpio.o [3]
GPIOPinWrite                  0x9df    0x8  Code  Gb  gpio.o [3]
Region$$Table$$Base           0xb84          --   Gb  - Linker created -
Region$$Table$$Limit          0xb94          --   Gb  - Linker created -
SysCtlClockFreqSet            0x421  0x20a  Code  Gb  sysctl.o [3]
SysCtlPeripheralEnable        0x403    0x8  Code  Gb  sysctl.o [3]
SysCtlPeripheralReady         0x3e1    0x8  Code  Gb  sysctl.o [3]
SystemCoreClock         0x2000'000c    0x4  Data  Gb  system_TM4C1294_TW.o [1]
SystemInit                    0xb31   0x1a  Code  Gb  system_TM4C1294_TW.o [1]
_SysCtlMemTimingGet           0x3c1   0x20  Code  Lc  sysctl.o [3]
__Vectors                       0x0          --   Gb  startup_TM4C1294.o [1]
__Vectors_End                 0x3c0         Data  Gb  startup_TM4C1294.o [1]
__Vectors_Size {Abs}          0x3c0          --   Gb  startup_TM4C1294.o [1]
__cmain                       0xb95         Code  Gb  cmain.o [4]
__exit                        0xbc9   0x14  Code  Gb  exit.o [5]
__iar_data_init3              0xb5d   0x28  Code  Gb  data_init.o [4]
__iar_init_vfp                0xbe5         Code  Wk  startup_TM4C1294.o [1]
__iar_program_start           0xbf1         Code  Gb  cstartup_M.o [4]
__iar_zero_init3              0xa23   0x3a  Code  Gb  zero_init3.o [4]
__low_level_init              0xbb3    0x4  Code  Gb  low_level_init.o [2]
__vector_table                  0x0         Data  Gb  startup_TM4C1294.o [1]
__vector_table_0x1c            0x1c         Data  Gb  startup_TM4C1294.o [1]
_call_main                    0xba1         Code  Gb  cmain.o [4]
_exit                         0xbbd         Code  Gb  cexit.o [4]
_main                         0xbaf         Code  Gb  cmain.o [4]
exit                          0xbb7    0x4  Code  Gb  exit.o [2]
g_pppui32XTALtoVCO            0x6c4  0x1b0  Data  Lc  sysctl.o [3]
g_pui32VCOFrequencies         0x8a4    0x8  Data  Lc  sysctl.o [3]
g_pui32Xtals                  0x658   0x6c  Data  Lc  sysctl.o [3]
g_sXTALtoMEMTIM               0x874   0x30  Data  Lc  sysctl.o [3]
i                       0x2000'0008    0x1  Data  Gb  meu_projeto.o [1]
j                       0x2000'0009    0x1  Data  Gb  meu_projeto.o [1]
main                          0xa5d   0xd4  Code  Gb  meu_projeto.o [1]
tempoAlta               0x2000'0000    0x4  Data  Gb  meu_projeto.o [1]
tempoBaixa              0x2000'0004    0x4  Data  Gb  meu_projeto.o [1]


[1] = C:\Users\rodri\Desktop\lab0\Projects\meu_projeto\Debug\Obj
[2] = dl7M_tln.a
[3] = driverlib.a
[4] = rt7M_tl.a
[5] = shb_l.a

   3 052 bytes of readonly  code memory
      16 bytes of readonly  data memory
  32 782 bytes of readwrite data memory

Errors: none
Warnings: none
